[55e3fd91] Glob
[55e3fd91] Read
[55e3fd91] Read
[55e3fd91] Read
[55e3fd91] Read
[55e3fd91] plan_write
[55e3fd91] plan_write
plan: 4 tasks, 2 milestones
project: Task store-module started (Implement src/store.js storage layer) · session c4ae972f-ea68-4900-a43c-2852e7cd86ef
[c4ae972f] Bash
[c4ae972f] Glob
[c4ae972f] Write
[c4ae972f] Bash
[c4ae972f] Bash
[c4ae972f] Bash
[c4ae972f] task_note
[c4ae972f] task_report
project: Task store-module done.
project: Task kv-cli started (Implement bin/kv.js CLI entry point) · session fd3ed696-d542-41e0-b83f-d198402262a8
[fd3ed696] Read
[fd3ed696] Bash
[fd3ed696] Write
[fd3ed696] Edit
[fd3ed696] Edit
[fd3ed696] Bash
[fd3ed696] Bash
[fd3ed696] Bash
[fd3ed696] Bash
[fd3ed696] Bash
[fd3ed696] Bash
[fd3ed696] Bash
[fd3ed696] Read
[fd3ed696] task_report
project: Task kv-cli done.
project: Milestone m1-core-cli (Core CLI: set/get/del/list with atomic writes and TTL) is complete and waits for your approval. Try the result, then /project run continues or /project replan <note> revises the plan.
milestone approved: m1-core-cli
project: Task cli-tests started (Add node:test suite and npm test script) · session 19cac9cd-8afe-4c91-baf0-6241e9226442
project: Task readme started (Write README.md documenting the CLI) · session e27871d2-e433-4607-970f-73d6851a0862
[19cac9cd] Bash
[19cac9cd] Read
[19cac9cd] Read
[19cac9cd] Read
[e27871d2] Read
[e27871d2] Read
[e27871d2] Bash
[19cac9cd] Read
[19cac9cd] Bash
[e27871d2] Bash
[e27871d2] Write
[e27871d2] Bash
[e27871d2] task_report
project: Task readme done (open issues: package.json has no "scripts" entry and test/ does not exist yet (parallel cli-tests task); the README documents `npm test` per the design, which will work once that task lands. Not a discrepancy in the CLI itself.).
[19cac9cd] Bash
[19cac9cd] Write
[19cac9cd] Write
[19cac9cd] Write
[19cac9cd] Edit
[19cac9cd] Write
[19cac9cd] Write
[19cac9cd] Edit
[19cac9cd] Edit
[19cac9cd] Edit
[19cac9cd] Edit
[19cac9cd] Edit
[19cac9cd] Read
[19cac9cd] Read
[19cac9cd] Bash
[19cac9cd] Bash
[19cac9cd] Bash
[19cac9cd] Bash
[19cac9cd] Bash
[19cac9cd] Bash
[19cac9cd] WebSearch
[19cac9cd] Edit
[19cac9cd] Write
[19cac9cd] Bash
[19cac9cd] Bash
[19cac9cd] Bash
[19cac9cd] Bash
[19cac9cd] Bash
[19cac9cd] Read
[19cac9cd] Bash
[19cac9cd] Bash
[19cac9cd] task_note
[19cac9cd] Bash
[19cac9cd] Read
[19cac9cd] Read
[19cac9cd] Edit
[19cac9cd] Bash
[19cac9cd] Bash
[19cac9cd] task_report
project: Task cli-tests done (open issues: Cosmetic only: `node --test` with no arguments (auto-discovery) runs the suite twice because both test/index.js and the individual *.test.js files are discovered; all pass and neither acceptance command uses auto-discovery.).
project: Milestone m2-tests-docs (Test suite and documentation) complete; continuing.
project: Project complete: every task is done.
