[ac8daeae] Glob
[ac8daeae] Read
[ac8daeae] Read
[ac8daeae] Read
[ac8daeae] Read
[ac8daeae] plan_write
plan: 3 tasks, 2 milestones
project: Task implement-store-methods started (Add toggle, remove and count to createStore) · session 2850aab4-fc52-4f91-8fa8-22e3d908bd8a
[2850aab4] Read
[2850aab4] Bash
[2850aab4] Edit
[2850aab4] Bash
[2850aab4] Bash
[2850aab4] Bash
[2850aab4] task_report
project: Task implement-store-methods done.
project: Milestone m1-store-api (Extend createStore with toggle/remove/count) is complete and waits for your approval. Try the result, then /project run continues or /project replan <note> revises the plan.
milestone approved: m1-store-api
project: Task add-store-tests started (Test toggle, remove and count with node:test) · session 91bbcb45-48ca-4235-83ea-60684d81e5fc
project: Task write-readme started (Document the store API in README.md) · session 0696a2e9-fab4-4c66-bb3d-2771189c4c61
[91bbcb45] Read
[91bbcb45] Read
[91bbcb45] Read
[0696a2e9] Read
[0696a2e9] Read
[0696a2e9] Glob
[0696a2e9] Write
[91bbcb45] Write
[91bbcb45] Bash
[0696a2e9] Bash
[0696a2e9] Bash
[91bbcb45] task_report
[0696a2e9] task_report
project: Task add-store-tests done.
project: Task write-readme done.
project: Milestone m2-tests-and-docs (Test coverage and README) complete; continuing.
project: Project complete: every task is done.
