[a9757ca6] Read
[a9757ca6] Glob
[a9757ca6] Read
[a9757ca6] Read
[a9757ca6] plan_write
plan: 3 tasks, 2 milestones
project: Task cli-core started (Implement the kv store CLI (bin/kv.js + src/)) · session 157f2776-bc9a-42a8-8b91-3b6365eecb15
[157f2776] Read
[157f2776] Bash
[157f2776] Write
[157f2776] Write
[157f2776] Write
[157f2776] Edit
[157f2776] Bash
[157f2776] Bash
[157f2776] Bash
[157f2776] Bash
[157f2776] task_note
[157f2776] task_report
project: Task cli-core done (open issues: The exact store-file error path formatting (absolute vs. as-given) is the only ambiguous point a sibling test could assert differently; see the decision note.; README and test/ are intentionally not part of this task (owned by the readme and test-suite tasks).).
project: Milestone m1-core-cli (Core CLI works end to end) is complete and waits for your approval. Try the result, then /project run continues or /project replan <note> revises the plan.
milestone approved: m1-core-cli
project: Task test-suite started (node:test suite driving the CLI as a child process + npm test script) · session c7211f07-833d-46ed-a6d3-494198dd545b
project: Task readme started (README.md documenting every command) · session 78664794-d649-4ede-b6f0-b7e27a07e6e3
[78664794] Read
[78664794] Read
[78664794] Read
[78664794] Read
[c7211f07] Read
[c7211f07] Read
[c7211f07] Read
[c7211f07] Read
[78664794] Bash
[78664794] Bash
[78664794] Bash
[c7211f07] Edit
[c7211f07] Write
[78664794] Write
[78664794] Bash
[c7211f07] Write
[c7211f07] Write
[78664794] task_report
[c7211f07] Edit
project: Task readme done (open issues: package.json currently has no "test" script; the README points to it as specified by the design, and the test-suite task is responsible for adding it.).
[c7211f07] Write
[c7211f07] Write
[c7211f07] Edit
[c7211f07] Write
[c7211f07] Bash
[c7211f07] Bash
[c7211f07] Bash
[c7211f07] Edit
[c7211f07] Write
[c7211f07] Bash
[c7211f07] Bash
[c7211f07] Read
[c7211f07] task_note
[c7211f07] task_report
project: Task test-suite done.
project: Milestone m2-tests-and-docs (Executable contract and user documentation) complete; continuing.
project: Project complete: every task is done.
