[4b672105] Bash
[4b672105] Glob
[4b672105] Read
[4b672105] Write
[4b672105] Write
[4b672105] Write
[4b672105] Write
[4b672105] Write
[4b672105] Edit
[4b672105] Write
[4b672105] Write
[4b672105] Edit
[4b672105] Write
[4b672105] Write
[4b672105] Edit
[4b672105] Edit
[4b672105] Write
[4b672105] Edit
[4b672105] Edit
[4b672105] Write
[4b672105] Write
[4b672105] Edit
[4b672105] Edit
[4b672105] Edit
[4b672105] Edit
[4b672105] Bash
[4b672105] Bash
[4b672105] Edit
[4b672105] Bash
[4b672105] Edit
[4b672105] Bash
[4b672105] Bash
[4b672105] Write
[4b672105] Edit
[4b672105] Bash
