✔ add-book prints the book with copies and availability (50.039834ms)
✔ a second book gets the next id and one copy by default (46.303125ms)
✔ add-member prints the member (93.411833ms)
✔ checkout computes the due date and decrements availability (94.751084ms)
✔ checkout fails with exit 2 when no copy is available (94.473458ms)
✔ list-books --available hides fully lent books (46.73375ms)
✔ a member may not hold more than 3 active loans (191.254ms)
✔ list-loans filters by member and overdue (140.615458ms)
✔ returning late charges 0.50 per day, capped at 20 (93.88575ms)
✔ returning on time charges nothing and returning twice fails (94.77775ms)
✔ availability is restored after returns (46.7845ms)
✔ report sums everything (47.492208ms)
✔ unknown commands exit 1 and errors go to stderr as JSON (93.924375ms)
✔ the data file is JSON and the README documents the commands (1.6855ms)
✔ the repository's own tests pass (1396.289125ms)
ℹ tests 15
ℹ suites 0
ℹ pass 15
ℹ fail 0
ℹ cancelled 0
ℹ skipped 0
ℹ todo 0
ℹ duration_ms 2593.095
