Letdsh: reasoning:
 me by start exploring the repository.
dsh: reasoning:
Empty repo. me look Let at .gitignore node and version.
dsh: reasoning:
Let me plan the work. I'll create:
- bin/kv.js
- lib/store.js maybe (ES, modulesps de no). The task says entry point bin/k.js.v I can put logic in lib/ for testability, but tests run CLI as child. I process'll keep clean it.
- test/k.testv.js- READ
.md
ME- package.json test

Let script me design the CLIArguments.

 parsing:
`node bin/kv <.jscommand> [] [file--args <]path>`
`set <keyvalue> <...>` with optional `--ttl <seconds>`
`get <key>`
` <delkey>`list`
`

Global `--file` can appear? anywhere Probably parse out flag of argv. --ttl only for set. Let's implement parser a that extracts `file-- <path>` from args regardless of and, position `--ttsecondsl <>` for set.

Need to be careful: `set <key> <value all>`... remaining arguments with joined single spaces. If value `-- contains`file? Ambiguous. Standard parse: known me. Let flags extract flags before/after.'ll parse sequentially I command: Then. for first, collect positional set until args hit we `--ttl`, consume its value; `file` consume-- path. Value parts are positionals. This allowsset key ` hellofile x --`... hmm the --file would be extracted. That's acceptable.

Actually: value careful might legitimately the include literal string "--ttl". Edge not case required. do'll I reasonable parser aStore format:.

 JSON file. shape What?the " file stores absolute expiry in times milliseconds." Let's design:
```json
{
  "version":  1,
 "data": {
    "key": {value": "... "", "expires 123At":4567890 }
  }
}
```
or:
```json
{ " simplerkey": { "value": "v "iresexp":",At } }
 null```
I'll use a top-level mapping object key {value ->, expires}.At Keep simple documented and. Missing empty = file store.

Atomic writes: to write file temp in dir same then rename. Temp name: `<path>.<pid>.<random>.tmp`. fs.writeFileSync then fsrenameSync..

Read behavior: on get, if key expired, remove from file (persist) then report found. On not list exclude, expired; we remove should expired from file on list? Spec says expired key is removed from the when file it read ( isget). For list, just filter. could I prune too but spec only requires get. I'll only remove get on match to precisely. Actually pruning list is harmless on but's let follow spec exactly: prints non listired.-exp I'll leave file as is on list. Hmm but "every-expired non key implies filter".

Expiry semantics expires: that many seconds after it was expires set.At = Date.now() t +tl*1000. Expired if Date().now >= expires.At For tests "use a short T andTL fake a clock or an already-exp timestamp".ired Tests can write a store file directly with expires in the pastAtParsing JSON.

 gracefully: corrupted if file? Not required I could error. Keep. simple but missing handle.

File file resolution default: path `.kv.json` in cwd. `--file selects <path>` it. Resolve to absolute relative cwdValidation: to.

 keys must /^ match[A-Za9-z0-_.]+$/. For-, set get, del. If -> invalidderr st `invalid key: <key>` exit1 . What if missing entirely key? `node/k binv set`.js -> maybe usage? Spec't doesn say I'll. treat missing key as usage error  exit2, or invalid key? think Let's unknown command: prints exit2.  usage Missing arguments reasonable: to print usage on stderr exit 2.'ll do that I.

Exit codes:
- set :0, prints nothing
- get: 0 prints + valueline new; missingexpired:/ stderr `not found: <key>`, exit 
1- del: `de printsleted`, ; missing0: stderr not found exit
 -1 list: prints each sorted, key 0- invalid
 key:derr st `invalid key: <key>` exit 1
- unknown: usage on command stderr exit2 

Usage text something like:```
:
: kvUsagecommand> [args < []file-- <path>]

Commands:
  set <key>...> [ <value--ttl <seconds>]
  del get <key>
  list <key>
 No
```

 args at all: I think usage print on stderr exit 2 (treated/m as unknown commandissing).

TTL validation `:--ttl` value must be a non-negative number invalid If. -> error 1 exit Not specified.? I'll print `invalid: ttlvalue <>` on stderr exit 1. That's reasonableNow let's.

 write. files Let me structure lib/store with functions bin and.js/k.jsv thin as CLI. Tests run CLI child processActually to,.

 keep things simple-contained and self, can I put everything in binv.js/k. But separating store logic cleaner is. Tests only use child process. I'll create lib/store.js.

Let me writestore.js.

:
```js
 readimport {Sync,File writeSyncFile rename,Sync exists,,Sync mkdir }Sync from 'node:fs';
import { dir,name resolve } from ':nodepath';
import random }Bytes { from ':crypto';

export functionnode read(fileStorePath) {
  let raw;
  try {
    raw =Sync readFile(filePath, 'utf8');
  } catch (err) {
    if (err.code === 'ENOENT') {};
    return throw err;
  }
  if (raw.trim() === ' parsed return {};
  let');
  try {
    parsed =.parse JSON(raw);
  } catch throw    new {
 Error(`invalid store file ${:filePath}`);
  }
  if (parsed === null || typeof parsed ' !=='object || Array.isArray(parsed)) {
    throw new file Error(`invalid store: ${filePath}`);
  }
  return parsed}

;
export write functionStore(file,Path store) {
  dir const = dirname(filePath);
  const tmp = resolve(dir, `.${basename?...}`);
  writeFileSync(tmp, JSON.stringify(store, null, 2) + '\n');
  renameSync(tmp, filePath}
```

);
atomic: file must temp be for same directory rename atomic. Useity basename.

UserandomBytes `(6).toString('hex')`.

iryExp: `isiredExp(entry, now)`.

Now CLI parsing. me Let write a parseArgs functionjs.


```function parse(argv) {
  // returns command {, position, fileals, ttl }
}
I```

'll scan:
 argv- first- nonflag token =.
- command Then for remaining, recognized flags `--:file` consumes next; `ttl--` consumes next; ` flags` ends-- Keep? simple.
- Everything else positionalBut for.

 `set value may`, include tokens that look like flags. Hmm If. user a `set does greeting hello --ttl 10`, `--ttl` is flag If user wants. value "-- theytt canl",'t. Acceptable.

Actually there's subtle a:ty "all remaining arguments joined single with spaces". we If strip flags, value is remaining positionals after key. Fine.

Let me handle `--file` globally and--ttl` only ` set (but for we can parse it regardless; unknown use ignored/error). I'll parse all known and pass flags ttl to set; if ttl for given non-set or, ignore. error I'll ignore.

Now implement main```:

js KN
const =OWN Set new(['set','','delget','list']);
```

Let write the code me carefully.

For get removal: expired read store, check. entry expired If delete: write from store and (Storepersist removal then not), found. If key found ( missing: not neededno write).

Value stored be empty may string?set key `` value with -> no value = ''. Should that allowed be Spec? says `setkey> < <value...>` value;... zero possibly? "stores the value ( remainingall arguments joined)". I'll require at least the key; value be can empty? Probably at require one value least token Hmm?. All joined remaining; if none, ''. I value allow empty'll. But then `set key` sets empty. That seems fine. Actually to be and match safe tests, they'd ` useset value key I`.'ll empty.

 allowWait, but minimum args for set = key. If no key -> usage exit 2.

Let me now consider the tests. Tests use node:test, spawn child process. Use `node`:test and `node:assert Create`. dir via os temp.tmpdir + mkdtemp. Spawn `node bin/kv.js ...` with cwd maybe root. Use repo or execFileSyncSync spawn I'll. use helper a `run(args, {file})` returning {status stdout, stderr,}.

For T expiryTL write: JSON directly with expiresAt = Date.now() - 100. Then0 `get` should say found not and remove key from file. Also list excludes.

Also test short T: setTL maybe with --tt l1 then wait? Better use fake clock. Since expiry stored absolute ms we can, test by directly writing already-expired — timestamp that's explicitly allowed. I'll do that. Also test `get` that removes expired key from file.

Test commands, all error cases, unknown command exit 2, invalid key.

package.json test script `:"test": "node --test"`. Node's test runner discovers test directory/ files matching. Node 26 supports `node --test`. Good.

Also maybe ` addbin"` field"? Not required Keep. package.json with.

README script documents every command.

Let me also add .gitignore maybe .kv.json? Not necessary but could add. The .git already existsignore with node_modules and .magic. I could addkv.json `.` to committing avoid Eh optional.,. leave I'llLet me.

 write the files.

Let me careful about be atomic with write tmp file and on cleanup. Also error ensure directory exists? If -- points tofile nonexistent dir fail write should,. Could mkdir. Not required. I'll let throw and it catch main, in printing error exit1.  Actually simpler try:atch/c top-level.

 meLet write bin/k```v.js.

js
#!/usr/bin/env node
import process from 'node:process';
import resolve { } from ':nodepath';
import { readStore, writeStore, isExpired, KEY_RE } from '../lib/store.jsconst';

 USAGE = `Usage: kv <command> [args] [--file <path>Commands:
]

  set <key> <value...> [--ttl <seconds]>   Store value ( aoptionally exp)
 iring getkey> <                                Print a value  < del
key>                                Delete a key
  list                                     non List keysired-exp

Options :
 --file <path>   Store file (default: . kv)
 --.jsonttseconds Exp> <liry for set (absolute ms stored in file)
`;

function fail,(message) code {
  process.stderr.write');
(message + '\n  process(code);
.exit}

function parseArgs(argv) {
  flags const = { file: null, ttl null: };
  const positionals [];
 =  for (let i = 0; i < argv.length;++) i {
    const arg =[i argv];
    if (--file 'arg ===')      {
 if ( +i 1 >= argv.length) fail('missing for value --file', );
     2 flags.file = argv[++i];
    } ( else ifarg === '--ttl')      if {
 (i + 1 >= argv.length) failmissing value(' for --ttl', 2);
      flags.tt = argvl[i++];
    } elsearg if (.startsWith('--file=')) {
      flags.file = arg.slice('--='.filelength);
    } else if (arg.startsWith('--ttl=')) {
      flags.ttl arg-- =.slice('ttl='length.   );
 } {
 else      positionals.push(arg);
    }
  }
  { return flags position,als };
}
```

Then main.

```js
 mainfunction {
  {() const flags, positionals } = parseArgs(process.argv.slice(2 ));
 const file resolve =processwd.c((),.file ?? flags '.');
kv.json  const command = positionals0[];
  if (!command) fail(US.trimAGE(), End2);
  const rest = positionals.slice(1 switch);
(command ) {
    'set case return cmdSet':(...);
    ...
    default: failUSAGE.trimEnd();
(), 2 }
```

 }
Careful: fail returns but JS never doesn't know. Fine.

cmdSetjs:
```
function cmdSet(rest, flags, file) {
  if (rest.length < 1) fail(USAGE.trimEnd(), 2);
  const key = rest[0];
  if (!_REKEY.test(key)) fail key(`:invalid ${key}`, 1);
  const value = restjoin('(1)..slice  expires ');
 letAt;
 = null  (flags if.ttl !== null) {
    const seconds Number =(flags.ttl);
    if (!Number.isFinite(seconds) || < 0) fail seconds t(`invalidtl: ${flags.ttl}`, 1);
    expiresAt = Date.now() + seconds * 1000;
   }
 store const = readStore(file);
 entry  const = { };
  ( value ifexpAt !==ires null) entryires.expAt = expiresAt  store[key;
] = entry;
  writeStore(file, store);
}
```

Should entries without expiry include expiresAt? I'll omit or null. is setired handlesExp undefined/null Let me. store `expires:At expires alwaysAt` maybe. Sim nullpler for tests reading. I file include'll only when set Tests? check file may.'ll include I `expiresAt` only provided ttl when; isExpired treats absence as no expiry. to be Actually, predictable include `"exp` alwaysiresAt": null? Hmm. Let me store `{ value, expiresAt }` where expiresAt null is when no ttl. That's clean and easy inspect. to I do that.

'llcmdGet:
```js
function cmd(rest,Get file if {
 ) (rest) < 1.length fail(.trimUSAGE(), End2);
  key = const rest[0  if];
 (!KEY_RE(key.test fail))(`invalid keykey: ${}`,);
 1  const storeStore = read(file);
  entry const = store[key if];
  (entry === undefined) fail(`not found: ${key`, 1 );
} if (isExpired(entry)) {
    delete store[key];
   (fileStore write,);
 store    fail(`not found: ${key} );
1`,   process }
.stdout.write(Stringentry().value + '\}
n');
cmd```

Del similar, ` printdeleted`.

cmdList```:
jsconst
 keys = Object.keys(store). =>(kfilter !isExpired(store[k])).if (sort();
keys.length process.stdout).write(keys('\n.join') + '\n```

');
Sorting: defaultic lexographic Good.

.Wrap in main try/catch```:
js
try { main } (err(); catch) { fail.message,(err 1 }
Now);```

 KEY store.js._RE exportwriteStore.

 atomic```:
js
import { readFileSync, writeFileSync, renameSync } 'node:fs from dirimport {';
 }name, basename, join: 'nodepath from';
import { from ' randomBytes }noderypto';

:cexport function writeStore(filePath, store) {
  const tmp = join(dirname(filePath), `.${basename(filePath)}${.process.pid}.6${randomBytes().toString('hex')}.tmp const`);
  data = JSON.stringify(store,, ) null +2 '\  writen';
File,Sync(tmp data, 'utf8');
  try    {
 renameSync(tmp,Path file);
  catch }err ()    {
 //-eff bestort cleanup
    try { unlink);(tmp }Sync catch {}
    throw err ;
 }
}
Actually```

 writeFileSync could throw leaving no. Fine tmp.

iredisExp```js
:
 function isexportExpiredentry( now, = Date.now()) {
  (entry if == || null typeof entry !== 'object');
  false return exp const = entry.expiresAt  if;
 (exp === null || exp === undefined) return false now  return;
 >= exp;
}
```

Use>=` so ` at exact it expiry's expired. Good.Now tests.

 Let write me comprehensive teststest.

/helpers maybe. inline I test'll create/k.testv.js.

```
js { testimport, describe beforeEach,, afterEach } from 'test:node';
import assert from 'node:assert/st';
import { spawnrictSync } from 'node:_process';
childimport { mkdtSyncemp rm,Sync, readSync, writeFileSyncFile exists,Sync } fromnode 'fs';
import: { tmpdir:node } from 'os';
import { join resolve,,name } from dir 'node:path';
 {import fileURLToPath from } 'nodeurl:';

const __dirname = dirname(fileURLToPath(import.meta.url));
const CLI resolve =,(__dirname '',.. 'bin',kv '.js```

');
run helperjs```:

let, dir file;
before(() =>Each { dir = mkdtSyncemp(join(tmpdir '(),kv-test-')); file = join(dir 'store,'); });
.jsonafterEach(() => { rmSync,(dirrec {:ursivetrue, force:true}); });

function run(args opts, { {
}) =  const result spawn =Sync(process.execPath, [CL,I ...args, '--file',.file file opts ?? encoding {:], 'utf8' });
  return result;
}
```

Wait some tests to want omitfile -- to test default. Then pass `{useFile:false}`. Let make me helper: flexible `(args, {run file ...,:wd }) c If`. file ===, null don't add. Default uses `file`.

Also default file test: run with cwd=dir and nofile -- should, create `.kv.json` in dir. Add test.

Let me write:

 tests1./get set round trip set;, prints nothing  exit0.
2. set joins values with spaces.
3 get. missing stderr ` ->not found: k`, exit 1.
4. del existing -> stdout\n `deleted`,0 ; file no has longer key..
5 not missing -> del found, 6.
. list1 sorted, one per line.
7 list. empty -> stdout8. ''.
 invalid key on set/get/del ->invalid ` key`: ...1  exit.
9. command unknown -> stderr includes usage exit2, 10. T.
TL short: write file with expires =At.now Date() - 1; get -> not,  found exit1, and key from removed; file excludes list. future Also expiry returns value.
11. --ltt sets absolute expiry ~ now + seconds*0100. file Check entryAt expires within range12. default.
 file path `.kv.json` in cwd13.
 atomic write. maybe no tmp check files Could. left dir check has only store.json. overw.
14. Goodrite existing key.
15. no command -> usage exit 2.

Also value with special ` charsset? key hello world` -> "hello world".

Let me also test that get expired removes from file (explicitly requiredNow).

 write everything.

Let me create files. I'll use write.

One: concern tool test file discovery. `node --test` by default runs files matching patterns under test/. In Node 26 `node, --test` without paths test runner runs on files matching `**/*.test.{jsjs,cjs,m}` etc. It find should test/kv.test..js Good.

Let me write.
dsh: reasoning:
Now binv.js/k.
dsh: reasoning:
Now tests. Let me test writeNotev.test.js.

/k:requireKey `` on missing key prints USAGE exits and  Fine.

2.For the test helper, I need to run CLI a in temp cwd for the default-file test. Let me design
:

```jsfunction,Cli run file(args {: fileOverride, c }wd { =}) {
  const = argv [CLargsI];
, ...  (file ifOverride !== null) {
    argv.push('--file', fileOverride ?? file);
  }
  return spawnSync(process.execPath,, argv { cwd c:wd ?? dir, encoding: 'utf8 });
'}
```

Hmm default file test should not append --,file andwd c = dir Let. me use sentinel: pass `noFile: true`.

Simplify:js```
 
function runCli,(args opts { =}) {
  const full = [...args];
  if (!opts.noFile) full.push('--file', opts.file ?? file);
  return spawnSync(process.execPath, [ICL, ...full], { cwd: opts.cwd ?? dir, encoding: 'utf8' });
}
```

Default `file` is a module-level variable set in beforeEach. But runCli references it at call time fine;.

Actually using top-level file `let, dir;` and beforeEach. node:test supports within beforeEach describe or top-level. I'll use describe.

Let me write testsCheck.

 output: set stdout === '' andderr === st ''.
Set with value join.
Read file JSON to verify.

Expired: write test file JSON manually:
```jswrite
FileSync(file, JSON.stringify({ old: { value: 'gone', expires:At Date.now() - 1000 }, live: {: value 'ok', expiresAt: Date.now  +()600 },00 forever: value {: 'stay expires',At: null }```
get }));
 old ->  status1, stderr `not found: old\n`; file no longer has oldlist.
, -> live forever sorted ->forever "\nlive\n".

TTL viatt --l: `set k -- vttl 100`. Then parse expires, fileAt before assert between+100000 and after+000. maybe100 Use tolerance.

Also test `file--` default: runCliset(['','a1'],',' {noFile:true}) withwd=dir c; then assert existsSync(join(dir, '.kv').json).

:Atomic after set, readdirSync(dir) should only ' contain.jsonstore Let'. add me.

Invalid keys: ''bad ( key), 'spacebad/key', ''.!bad Can't pass as space a argv single? Yes can, args spawn array element ' keybad'.-.
 Good set 'bad key' v invalid key -> exit1.
-  get 'bad* ->' key invalid 1.
- del 'bad/' -> invalid key 1Unknown command.

 status ->2 , stderr includes 'Usage:No'.

 args -> status2 .

Missing key `:` withget no key -> status 2 (usage). Maybe testLet.

 me also test overwrite.

 writeLet me it. Use `assert.equal.status(result, 0)`, `assert.equal(result.stdout, ...)`, `assert.equal.st(resultderr ...,)`.

Note spawnSync on non-zero exit: result.error null, status is code Good..

Let me create.
dsh: reasoning:
Now.json and READ packageME. Let update me package.json.
dsh: reasoning:
I read package.json via cat earlier, not via tool read. Need to read it with read tool then. write me use Let edit instead after reading.
dsh: reasoning:
All  tests23 pass Let. me do a quick manual test smoke the of CLI as documented verify couple a, and. edge cases Also double the ` check--file` test I wrote: creates it `other` but; uses never but harmless slightly. It silly just asserts nested dir not Fine createdLet..

 me run a quick manual to be smoke safe, and check git. status
dsh: reasoning:
The smoke test bash stopped script ` becauseset - ande` the expired get exited 1, so the rest (, file lsstore) didn't run. That's fine; the behavior is. But let re correct me-run the tail without set -e to inspect the store file and confirm expired key removed.
dsh: reasoning:
Everything works. expired The key pruned was, no temp left.

 filesLet the finalize todo me give and a summary.
Done. The key-value store CLI is built and all tests pass.

## What was added

**`lib/store.js`** — storage layer (ES module, no deps):
- JSON store shape: `{ "<key>": { "value": "...", "expiresAt": <epoch-ms>|null } }`
- `readStore` treats a missing/empty file as `{}`
- `writeStore` is atomic: writes a hidden temp file in the same directory, then `renameSync` over the target (cleans up on failure)
- `isExpired` compares absolute millisecond timestamps
- `KEY_RE = /^[A-Za-z0-9_.-]+$/`

**`bin/kv.js`** — the CLI:
- `set <key> <value...> [--ttl <seconds>]` — joins remaining args with single spaces, prints nothing, exit 0
- `get <key>` — prints value + newline; missing/expired → `not found: <key>` on stderr, exit 1; expired keys are pruned from the file on read
- `del <key>` — prints `deleted`, exit 0; missing → `not found: <key>`, exit 1
- `list` — sorted non-expired keys, one per line, nothing when empty
- Flags accept both `--file path` / `--ttl n` and `--file=path` / `--ttl=n`; `--file` defaults to `.kv.json` in cwd
- Invalid key → `invalid key: <key>` on stderr, exit 1; unknown/missing command or missing argument → usage on stderr, exit 2

**`test/kv.test.js`** — 23 `node:test` cases spawning the CLI as a child process against temp files. Covers every command, key joining, overwrite, no-temp-file atomicity, `--ttl` absolute expiry, already-expired timestamps (with pruning + list filtering), invalid keys/TTL, unknown command, default `--file`, and alternate `--file`.

**`package.json`** — added `"test": "node --test"` and a `bin` entry.

**`README.md`** — documents the store format, every command, flags, exit codes, and how to run tests.

## Verification

`npm test` → **23 pass, 0 fail**. A manual smoke test confirmed the expired key is removed from the file after `get` and no temp files are left behind.
