[72ff07a4] Glob
[72ff07a4] Read
[72ff07a4] Read
[72ff07a4] Glob
[72ff07a4] Read
[72ff07a4] plan_write
plan: 6 tasks, 2 milestones
project: Task foundation started (Foundation: npm test script, JSON store and shared helpers) · session 76e7bee1-91a2-4203-a920-69f559a52060
[76e7bee1] Read
[76e7bee1] Read
[76e7bee1] Bash
[76e7bee1] Write
[76e7bee1] Write
[76e7bee1] Write
[76e7bee1] Write
[76e7bee1] Bash
[76e7bee1] Edit
[76e7bee1] Edit
[76e7bee1] Bash
[76e7bee1] Bash
[76e7bee1] Bash
[76e7bee1] task_note
[76e7bee1] task_report
project: Task foundation done.
project: Task books started (Books module: addBook and listBooks) · session ef8fb5fe-ed8b-4bfb-9c1c-a145d5262260
project: Task members started (Members module: addMember) · session 248c4862-e106-42fe-a9c8-f6deabba7f84
[ef8fb5fe] Read
[ef8fb5fe] Read
[248c4862] Read
[248c4862] Read
[248c4862] Bash
[248c4862] Bash
[248c4862] Write
[ef8fb5fe] Write
[ef8fb5fe] Write
[248c4862] Write
[ef8fb5fe] Edit
[ef8fb5fe] Bash
[248c4862] Edit
[248c4862] Bash
[ef8fb5fe] Bash
[248c4862] Bash
[ef8fb5fe] task_note
[ef8fb5fe] task_report
[248c4862] task_report
project: Task books done.
project: Task loans started (Loans module: checkout, returnLoan, listLoans, report) · session 188fe46a-4b79-449c-994d-73f357db1466
project: Task members done.
[188fe46a] Read
[188fe46a] Read
[188fe46a] Read
[188fe46a] Bash
[188fe46a] Write
[188fe46a] Write
[188fe46a] Bash
[188fe46a] Edit
[188fe46a] Edit
[188fe46a] Bash
[188fe46a] Bash
[188fe46a] task_note
[188fe46a] task_report
project: Task loans done.
project: Task cli started (CLI: parse arguments, dispatch commands, map errors to exit codes) · session 60fd7991-ce89-4b14-b159-d65bc334d0d4
[60fd7991] Read
[60fd7991] Read
[60fd7991] Read
[60fd7991] Read
[60fd7991] Read
[60fd7991] Bash
[60fd7991] Read
[60fd7991] Write
[60fd7991] Write
[60fd7991] Write
[60fd7991] Bash
[60fd7991] Write
[60fd7991] Bash
[60fd7991] Edit
[60fd7991] Bash
[60fd7991] Bash
[60fd7991] Bash
[60fd7991] Bash
[60fd7991] task_report
project: Task cli done.
project: Milestone m1 (Core system: store, modules, CLI) is complete and waits for your approval. Try the result, then /project run continues or /project replan <note> revises the plan.
milestone approved: m1
project: Task readme started (README: modules, every command with an example, and the rules) · session cde1f81b-42fa-408f-8871-4d0b5115f3eb
[cde1f81b] Read
[cde1f81b] Read
[cde1f81b] Read
[cde1f81b] Read
[cde1f81b] Read
[cde1f81b] Read
[cde1f81b] Read
[cde1f81b] Bash
[cde1f81b] Bash
[cde1f81b] Bash
[cde1f81b] Write
[cde1f81b] Bash
[cde1f81b] Bash
[cde1f81b] task_report
project: Task readme done.
project: Milestone m2 (Documentation) complete; continuing.
project: Project complete: every task is done.
