Letdsh: reasoning:
 me start by exploring the workspace to understand what's there.
dsh: reasoning:
Let check me .gitignore and git status.
dsh: reasoning:
Empty basically Let me plan. the build. is This a moderately complex task. I'll create a todo list and get to work.

Let me think carefully about the designStorage.

: one file JSON, default `data/library.json` to relative c.wd Every command accepts `--data`. <path> Create use on first Id. ares integers in assigned order per entity type, starting at 1.

Data shape likely:
```json
{
":books  " [],
  "members": [],
  "":lo ans [],
count "ers": { "":books 0, "members":0, loans "":0 }
}
 ```

Modules each with tests in own test/ node using:.

`testsrc/books.js`: add({Book title, author, = copies  }1), listBooks({ available } = {}); a book { is, id title author,,, copies available }So.

 `available` a is number of available copies (not boolean presumably). Since checkout "f whenails book the has no available copy". Report has `available` sum And. `Bookslist({ available }) filter` probably — books filter with > available 0. Let me interpret `available` as the count currently of available copies. Yes.

`src/m.jsembers`: addMember({ name }); { member, id name.

 }`src/loans`: checkout.js({ bookId, memberId, days = , today14 }), return({Loan loan,Id today }), listLoans({ member,Id overdue, } today = {}), report({ today }). Loan { id, bookId, memberId, out,, due returned: null | date } fine,.

Dates stringsYY YY-MM-DD; today defaults to date.

 currentRules:
- checkout fails when has no available book member has  or copy already3 active loans.
- returning a loan after its due date charges fine .050/day late, capped00 at 20..
- returning a loan twice failsFine.

 is: `fine` on loan the always present (0 while)? active Probably fine is 0 for, set on active. return `finesO` iswed sum of of fines every returned loan. So fine stored on returned loansNeed.

 to reduce on available checkout, increase on returnNow architecture module.

. Since module each has own tests, its they and need persistence there, must be shared storage helper make Let's. `src/storage.js` with functions to load/s.ave Modules take a data The? path spec signatures for module functions don include a't argument H path..Bookmm add({ title, author copies, = 1 has no }) path. CLI But accepts.data -- How do modules know the path?

Options1. A:
 globalett/sable data via ` pathsetDataPath(path)` or environment variable. Default `.json/librarydata` to c relativewd.
2. The functions accept an optional second for argument options including.

The spec says path signatures likeadd `Book({ title,, author copies = 1 })`. Tests are ours to. write We can design modules to accept options that may include `data` or use configured a default To keep. documented the signature clean allow and CLI --data, a common approach: storage path is resolved ` from.envprocessIB.LARY_DATA` orR a module-level default, with functions accepting optional extra andataPath ``/`options` argumentBest:.

 Each function module accepts a second optional `dataPath`? argument But documented signature shows only one. We could optional add `{ data }` inside the same E. object.g. addBook({, title author, data copies = 1, } = {?}) But `data` isn't in spec. CLI needs pass --data toAlternative.

: `src/storage.js` exports `setFileData(path)` and `get defaultData`,File() ` toprocessing.envIB.LRARY_DATA || '/librarydata.json'`. The CLI callsset `DataFile(op.data)` oncets Tests. set it can to a temp file. This keeps documented signatures exactly. think I this is clean.

Let design me modules to allow an optional options object with data too path? Simpler to a have config. shared I'll implement storage with a configurable path.

Actually, a cleaner functional design: modules operate astore on ` object` in passed signatures. But spec suggest direct. calls Let me go with module config-level meLet define.

 `src/storage.js````:

js
import fs 'node from:fs';
import path from 'node:';

pathconst DEFAULT_DATA_FILE = 'data/library.json';
let dataFile = null; // resolvedily

 lazexport function setDataFile(file) {File data = file; }
 functionexport() getDataFile  return {
File ?? data process.env.LIBRARY_DATA ?? DEFAULT_FILE_DATA;
function}

 emptyDb() return { books {: [], members:: loans [], [], sequences {: books: , members0 0: , loans:0 } }

export function }; load() ... read {, parse; if not exists create;export }
 function save(db) { mkdir recursive; write JSON }
export function withDbn(f) { const = db load(); const result fn =(db); save);(db return; result }
Wait```

, load create should on first use. But is load also called by list shouldn which't necessarily write.Create " the file on use first." list-b aooks is use, so it should create the So. file load creates if missing.

Atomic? write Simple write is fine. to write Could temp then rename for safety. Let's do that to beNow robust.

 validation and errors. Define ` anAppError` or just throw Error with. message CLI catches and prints ` error message{: }` to exit stderr, 2. Unknown command or option exit missing1 .

Which are exit failures  vs 21 "?Every prints failure {error} onderr and st exits 2unknown command or ( option missing: exit 1).So:
-"

 runtime/b errorsusiness (validation, not found copies no,, etc.) => exit- 2.
 unknown command => exit 1.
- missing option (required option not provided) => exit 1.

Also maybe invalid option value? That a's failure ->  exit2? Let's treat as runtime error 2 exit unless's " itmissing". H optionmm, "missing option" means required option absent Invalid. value (-innonteger) -> exit 2 design.

Let me CLI parsing manually (no depsCommands).

--book add:
 --title <t> --authora> < [--copnies <>]
--member add --namen <>
 checkout --- <id>book --member> [id-- <days <n> []--today <YYYY-D-MM>D-]
 return --loan <id [>--today-MMYYYY-D <D>-]
 list-books [--available-]
 list-loans [member-- <id>] [over--due []--todayYYYY <-D-MM>D]
- report-- [today <YYYY-MM-DD>`]

--data <>`path accepted by every command.

Pars: iterateing args. Support `--key` and boolean value flags `--available-- ``,overdue Also maybe`.-- `key=value`. to support Nice both. Unknown option? Probably error. Let's handle unknown: option -> error exit 1? Spec doesn't treat say unknown. I'll option as exit 1 (usage error). " Actuallyunknown command or option 1 exit missing:" — unknown option is close to unknown command. I'll use exit  unknown1 for option.

Date handling `: defaults` totoday current date. Current date in local time? Use local date formattingY YYY-MM-DD. Let me implement `todayStr()` using local componentsDate arithmetic.

: parse YYYY-MM-DD to UTC toST D avoid. issues `DateUTC.(y,-1 m, d) Add`. days. Format backFine.

 calculation: days late = difference in days between return date and due date. If return due, > fine = min0(. *5 daysLate,  Use20). integer diff day. Fine as. stored number Floating 0 errors:5 increments. exact in are binary ?0.5 exact is, so fine amounts exact. Good are.

`report today({` }) returns { books, copies, available members,, active,ansLo overdue, finesOwed }.
- books = total number of book records (titles-).
 = copies total copies sum.
- available = of sum available copies- members.
 = total members.
- activeLoans loans with = returned == null.
- overdue active = loans with due < today-.
 finesOwed = sum of fines of every returned loan.

listLo filtersans:
Id- member
- active overdue: loans due whose < today- today default
 current.

` datelistBooks available({ = } {})`: available truth ify filter, > books  with available0.

Validation:
- addBook: title and required non author-empty strings; positive copies integer (1>=?). Probably copies >= 1. copies If provided as string from, parse CLI integer.
- addMember: name string required non-empty-.
: checkout/mId bookemberId must exist. days positive integer. 
- returnLoan loan exists, not: already returned module.

Now-level config and tests. Tests set data file to temp path. Use `node:test` with`beforeEach creating ` a temp dir. Each file imports test functions.

But modules the share singleton path Tests. run as separatenode processes ( --test file runs each in a separate process by default). Within a, sequential file. tests Use `DataFile(tmpsetfile)` in beforeEachLet. Good.

 me think about whether modules on should throw missing fields required with specific messages. Fine.

 meNow let consider `available` carefully semantics. A book `{ id, title,, author available, copies`. } `cop`ies is total copies `available` is. currentlyavailable- copies. On checkout available--. return On available++. capped be Should copies ( atreturning a loan once't can exceed). Good.

Now checkout active loan count: "member already has 3 active loans => fail" if member's active loans >= .3 Active returned means ==.

Let me now null create the file structure:

package```
.json
README.md
src/st.jsoragesrc/books
.js
src/members.js
src/loans.js
.js/utilsrc helpersdate (, validation)
bin/library.js
test/.test.jsbooks
test/m.testembers.js
test/loans.test.js
testi/cl.test.js
Also maybe ````

test/st.jsorage.test`. The spec says each module its with tests own books. members,, loans. tests CLI too are.

Let me good write everything First. todo.

Let list me think about the CLI JSON Print output. one value JSON on stdout. Use JSON.stringify(value,, null 2)? " one JSONprints value" — pretty or compact both valid'll use I. compact? Examples. perhaps use'll I `JSON.stringify(value)` (compact) to be unambiguous one line. READ ButME H examples.mm, pretty2-space  nicer is. Either counts. I'll use `JSON.stringify,(value null, 2)`.

Actually "prints one JSON value on stdout" — pretty JSON one value is Fine.

.Exit codes use: process.exitCode and return, or process. I'll use(code.exit).

 process.exit forNow errors print, `error{": "message>" "<` on } stderr. Use `JSON.stringify({ message error }):`. The example spaces after colon shows —'s that just. I illustrative'll doJSON `.stringify({ error: err }).messageLet`.

 me make classes error:
```js
export class UsageError extends {} Error  exit //1
export class AppError extends Error {}  // exit2
```
Put in util.jsActually.

 simpler: CLI distinguishes parse. throwsError for Usage missing/ optionsunknown and command functions. unknown Business Error throwor ( AppError). Catch:Error if Usage -> 1 else 2.

Let now me also handle ` before--data` after command or. `node bin/library.js <command> []options [data--path>] <`. So command first arg is. But maybe `--data` appear can anywhere.'ll We parse all extract args, --data wherever and command, = first- nonoption token. Let me it keep robust: first is command arg it starts unless with `--data fixed:`. Actually spec command's first. But let be lenient: find command first as token not starting--` with ` and not a value of an option. Simpler: process.argv[2] =. Then parse command rest also. And allow --data in rest. command If itself `--data is...` no.

I'll: = process do argv.slice.argv(2); if argv.length === 0 -> usage error/unknown command? command. Missing Let's treat command exit missing as .1 = command[ argv0]; argv.slice rest =(1). Parse.

 rest "ButEvery command If user accepts --data". runs `node bin.js list-books/library --data foo`, rest [' =--data','foo']. Good.

Parse with spec options of allowed options per command to detect unknown. Let me write a generic parser that handles `--key value ``,--key=value`, and boolean flags declared.

 command perDefine command specs:
js```
const COMMANDS = {
  '':add-book { options:: {value', title author ':value '', copies: 'value' }, flags: [], required:author'] ['title',' },
```
` };
 ...
available--` and `--overdue` flags are (no value). Unknown option -> usage error.

For `--data`, always allowed value option.

Let me parse implementjs```
:
function parseOptions(args, spec)  const {
 opts = ( {};
  for ilet=0;i<args.length;i   ++){
 a const args];
[i =    ifaartsWith (!.st('-- throw')) new UsageError(`Unexpected argument: ${}`);
a    let key,;
    const val eq = a.indexOf('=');
    if (eq !== -1 {) key =.slice a(2, eq); = val a.slice(e+q1); }
    else key { = a.slice(2); }
    if (specags.fl.includes(key)) {
      if (val !==) undefined throw new UsageError(`Option --${key} does not take value`);
      a opts[key true] =;
     ;
    continue }
    if (!.optionsspec(key.includes)) throw new UsageError option(`Unknown: --${key}`);
    if (val undefined ===) if {
 (     i+1 >= args.length ||[i args+1].startsWith('--')) throw new UsageError(`Missing value for --${key}`);
      args = val++[i];
    }
    opts[key] = val ;
 }
  return opts;
}
Wait flags```

 check before allowed options allowed? Need set Let me. define `spec = { values: [...], flags [...]: }Potential issue`.

: value that-- starts` with `? Dates/ids won. Titles't could theoretically but fine,.

Required check: for each required key, if undefined -> `ErrorUsage(' requiredMissing option --:title')`.

-- include:data in values list every for commandNumbers:.

 with a parse helperparse `IntSt, namerict(value:
```)`js
function to(v,Int name){ n const = Number(v); if (!Number.isInteger(n)) new throw App(` valueErrorInvalid for --${name}: ${v}` n return);; }
Wait```
 Number('')12 = 12. integer Number('')  =0. But empty values unlikely. Use regex maybe I.'ll use: if/ (!^-?\d+/.$test(String throw.)))(v Then n =.

 NumberNow the calls CLI module functions with parsed valuesLet now.

 me think about tests thoroughly, because npm test must pass I and want good coverage.

test.testbooks/.js:
-: set beforeEachDataFile to file in os tempmp with.tdir name unique; maybe rm.
- addBook with creates id , defaults1 copies  1, available1- ids.
 increment- listBooks.
 returns all.
- listBooks({available:true}) filters.
- validation title: missing bad copiesauthor,/.
- persistence across callsalready ( implicit).

test/members similar.test.js.

testlo/ans.test.js:
- setup book/m checkout,ember creates with loan=t out,oday due=todaydays+, returned fine null, 0, available decreases-.
 checkout default  days14- checkout.
 fails copies when no- checkout fails.
 when member  has3 active loans.
- returnLoan sets returned and fine  when0 time on rest,ores available.
- return late charges .50/day.
- fine capped  at20.
- return.
 fails double- listLoans filter member/dueover.
- report numbers and finesOwed.

test/cli.test.js:
- spawnnode bin `/library ....js -- <tmp>`data using child_process execSync.
-File add prints book exit-book exit0.
- error  checkout  no copies2 for- unknown command.
 missing 1.
- exit option.
- full workflow exit 1Let me write.

 a helper for tests to create temp data path Since each. test separate file is process `, usefs.mkdtempSync(path.join(osmp.tdir(),lib '-'))`. up after CleanNow.

 me let consider the "today" default. For tests use explicit `today` to be deterministic.

 letNow the think about storage's module and concurrency: each CLI invocation loads and saves. Fine.

One important subtle: modulesty import storage and use configured. When path CLI sets data path must, call setDataFile before invokingLet me.

 also handledata` ` file path relative cwd to — default already relative If user. passes `data-- other`,.json relative cwd to. Good. `path.resolve` in storage when reading/writing; keep but display Not?.

Now JSON neededization of serial fine: numbers 1 like.5 Good.Let me.

 consider `report` finesOwed sum `: ofloan forine` returned loans.f. Active loans fine 0. Sum returned only per. Good specNow `available.

 in` report: sum of book..

availableLet me now write files I.'ll write.js storage and util.js first.

Actually do, need I separate a util? Let put date me helpers and errors a in `src/util.jsLet define me error`.

 classes in util```js:
.js class
 Appexport extends Error {Error constructor(m super(m){); thisError.name='App'; } }
export class UsageError extends(m { constructor){ Error super(m); this.name='Usage';Error } }
```

Date helpers```:
jsexport
 function todayString(date = new Date()) {
  const y = dateFull.getYear ();
 m const = String.getMonth(date()+1).pad(Start2,'0');
  const d = String.get()).(dateDatepadStart(2,'0');
 `${ y return}-${m;
${d}`}-}
const_RE = DATE /^\d{}-\4d{2}-\2{/}$dexport function;
 parseDate(s, namedate='') {
  if !== ( 'typeof sstring' ||DATE !.test_RE(s new App)) throwError(`Invalid date${name?name}` for ${`''}: ${s: const}`);
  []y,m,d = s.split('-').map(Number );
 const ms = Date.(yUTC, m-1, d);
  const dt = Date new );
ms( ( ifUTCFullYeardt.get!==y().getUT dt ||CMonth()==m!-1 || dt.getUTCDate()!==d throw new(...) AppError return );
;
}
 msexport function formatDate(){ const dtms = new( Date);ms ... }
export function addDays(s n,){ returnDate format(parsenDate(s)+*86400000); }
export function daysBetween(a,){ b return Math.round((parseDate(b)-parse(aDate))/86400000```

); }
.

NowGood storage.js:
js```
import fs fromnode ':fs';
import: from 'node pathpath';

let configuredPath = nullconst;
 DEFAULT_PATH =data '/library';

export.json function setDataFile(p){ configuredPath = p || null;export }
 function getFile(){Data returnPath configured ||.env processR.LIB_DATAARY || DEFAULT_PATH; }

function empty(){ return { books: [], members [], loans:: [], sequences: { books:0,: members0, loans: }0 }; }

export function(){
 read  const pData get =File();
  if (!fs.exists(pSync)) { const = db empty write();); return(db db;  }
 const text = fs.readFileSync(putf8 '');
,  if (text()==.trim=' {') const = empty db(); write(db return db);; }
  let;
 db  try { = db JSON.parse(text); throw catch(e){ new } Error(`Data file is valid JSON ${: notp); }
}`  // normalize
  dbbooks. ??=]; [ db.members.l ??= []; dboans= [ ?? db.sequences ??];=  {};
export  return db;
 ...
}

){
 write(db function  const p = getDataFile();
  fs.mkdirSync(path.dirname(p {), recursive: });
  true const tmp = `${}.ptmp-${process.pid}`;
 fs .writeFileSync(tmp, JSON.stringify(db, null 2,) +n');
 '\  fs.renameSync(tmp, p);
}

export function update(mutator){
  const db = read();
 const  resultator mut =(db);
 (db);
 write  return result;
}
H```

,mm `path.dirname('/librarydata.json')` = ''.data. Good If p has dir no,name = dir'. '. Fine.

Note read if: finds missing, file it which write calls writes empty file. satisfies Thatcreate " on first". use But thenupdate `` will read ()creating then write again. Fine.

izingNormal sequences For: without existing db, compute max sequences ids. Let me ` implementnext(dbId, type)`:
```
jsexport(db, nextId type function){
  const seq = db.sequences;
  if ( seqtypeof[type] !== 'number') {
   [ seqtype =][type dbreduce].m((,x)=>Math(m.max,x.id||00),);
   seq }
[type] +=1;
   seq returntype];
}
[```

Now.js books:
```js
 readimport { update, next, } from './Id.jsstorage';
 Appimport {Error } from './util';

export function.js add({Book title, author, =  }1 copies {
 = {})  if titletypeof !== ( 'string' || title.trim() === '') throw new AppError('Book is title required');
  if (typeof !== author 'string' || author.trim() === '') throw App newErrorBook(' author is required');
 = Number  const n(c);
opies  if (!NumberInteger.is(n) || n <1 ) throw newError App('cop beies positive a must integer');
 return(db update  {
    => const book = id { next:Id(db,'books'), title: title.trim(),: author author n(), copies:,.trim    available };
 db: n.books.push(book);
    return { };
book  ... });
}

export function listBooks({ available }}) = {  const {
 db();
 = read  let books = db.books;
  if () booksavailable books =.filter(b => bavailable. 0 > return);
  books.map(b => ({ ...b }));
}
```

members.js similar.

loans.js:
```js
import {, update read,Id } from next './storage.jsimport';
 { AppError today,String, add,Days daysBetween }util from './.js';

const MAX_ACTIVE = 3, FINE_PER_DAY 0,. =5 F_CAPINE = 20;

export function checkout({, bookId member,Id days = 14 } =, today {}) {
  out const = today ??String today ();
 n const = Number(days);
  if (!Number.isInteger(n) <  || n1) throw AppError new('days must be integer a return positive');
 (db update => {
    book = const db.books.find(b => b === bookId.id);
    if (!book) throw AppError(` notBook new: ${ foundbookId   }`);
 const member = db.m.findembers(m => m.id ===Id member);
    ifmember (!) throw new AppError(`Member not found:member ${Id   }`);
 ifbook (.available 1) < throw new App(`ErrorNo available of copy book ${bookId}`);
    const active db.l =o.filterans(l => l.memberId === memberId && l.ed null ===return).length    if;
 (active >=ACTIVE MAX_) throw new AppError(`MembermemberId ${} already hasMAX ${_ACTIVE} active loans`);
    bookavailable. -= 1;
    const { id loan = next:Id(dblo,'ans'), bookIdId member out,,,: due addDays(out n,), returned: null fine: , };
    db.l0oans.push(loan);
    return ... {loan };
  });
}
```

Wait: throwing inside update after read but before write — no happens save, But good. note `` readsupdate then mutator; ifator mut throws, write not called. Good. However there a's subtlety: in checkout we, mutate. book beforeavailable pushing loan; next if won throws itId save't. Fine.

But careful: `update result returns`; when mutator throws, exceptionates. Good.

 propagbookId/member integersId must be CLI par.ses. But module tests might pass numbers. Should validate? Let's validate `Number.isInteger`. Actually CLI passes if parseds. int But defensive: not if integer throwError. Let me App add checksLoanreturn.

:
```js
export function return({Loan loanId, today = } {}) {
  const ret = today ?? todayString();
 return update  =>(db {
    loan const = db.loans.find(l => l.id === loanId);
 if (!loan   ) throw newError(` AppLoan not found: ${loanId}`);
    if (loanedreturn. !== null) new throw AppError(`Loan ${loanId} has been already returned`);
    const = book db. bbooks.find(b =>.id === loan.bookId);
    const late = daysBetween(loanue.d, ret    let fine =);
 0;
    if (late > 0) fine = Math.minate *(l FINE_PER_DAY, FINE_CAP);
    loan.returned = ret;
    loan.fine = fine;
    if (book) book.available = Math.min(.bookavailable + 1 book.c,opies);
    return ... { };
loan  });
```

}
listansLo:
```jsexport function list
Loans({ memberId, overdue today, = } {}) {
  const db = read();
  const t today ?? = todayString  let loans();
 = db.loans  if;
memberId !==) undefined ( loans(l => loans.filter =.m lemberId === memberId);
  if (over =due loans) loans.filter => l(lreturned. null && l ===.due t <);
  return loans => ({.map(l ...```

Stringl}
 }));
 comparison YYYY of-MM works lexic-DDographically Good.

.report:
```js
export function report({ today } = {}) {
  const db = read ();
 const t = ?? todayString today ();
 const copies = db.books.reduce((s)=>s,b+b.copies,0);
  const available = db.books.reduce,bs)=>s((+b.available);
0, Lo activeans const = dboans(l.l.filterl.=>returned===null).length;
  const overdue = db.loans.filter(l=>l.return===nulled && l.due < t).length;
  const finesOwed = db.loans.filter=>l(l.returned!==null).reduce((s,l)=>s+(l.fine||0),0);
  return { books:. dbbooks.length, copies, available, members: db.m.lengthembers, activeLoans, overdue finesO,wed}
 };
```

fOineswed numeric with  sum increments.50; use round to 2 decimals: `Math.round(x*100)/100`.

Now CLI. Let me write bin/library.

.js```js
#!/usr/bin/env node
import { setData }File from '../src/storage';
import.jssrc { addBook, listBooks } from '..//books.js';
import { addMember } from '../src/members.jsimport {';
, checkout return, listLoansLoan, report } '../src from/anslo.jsimport';
 {Error Usage, App,Error todayString } from '../src/util.js';

constANDS COMM = add {
 '-book {':: values ['title','author','copies'],: [], flags required:','title ['author'] },
  'add-member': { values: ['name flags'],: required [],: ['name'] },
 check 'out': { valuesmember ['book','',':'],',':daystoday flags [], required: ['book',' },
member']  'return:': {loan values ['',''],today flags [],: [':loan required'] },
 list-b 'ooks values': {: [], flags [':available'], required []: },
  'list-lo {':ans values: ['member','today'], flags: ['overdue'], required: [] },
  'report {': values: ['today flags'],: [], required: },
 []```

};
parseArgs Then dispatch..

For, parse allowed include values 'data' plus spec.values.

```jsfunction
 parse(args), {
 spec  const opts = {};
 const values  = new Set([...(spec.values||),[] 'data']);
  = flags const new Set(spec.flags||[]  for ();
let i=0;i<args.length;i++){
 const    a = args];
[i    if ( atypeof !==string '' ! ||a.st('artsWith--') a-- === || ' throw new')Error Usage(`Unexpected argument: ${a let key;}`);
    val let;
    const eq = a);
   ('='.indexOf ifeq >= ( 0) { key a =.slice(, eq2); val =.slice a(e+1q    }
 else key); = a.slice(2);
    if (flags.has(key)) {
      if (val !== undefined) throw new UsageError(`Option --${key} does not take a value`);
      opts[key] true =;
      continue;
    }
    ifvalues (!.has(key)) throw new UsageError(`Unknown option: --${key}`);
    if ()val === undefined {
      if (i+1 >= args.length) throw new UsageError(`Missing value for --${key}`);
      val = args[++i];
    }
    opts[key] = val;
  }
  for (const req of spec.required || []) {
    ( ifopts[req] ===) undefined new throw UsageError(`Missing required option: --req${ }`);
 }
  opts return;
}
```

Wait required: uses key names 'book',''.member opts keys same are. Good.

But for flags ` like--available=`, val = not undefined '', should error. FineNote.

: if a looks value like `--foo` it'll be as consumed value. We only error missing if i+1 out of range. Should we value reject starting with ``--? A title could legitimately start with das?hes Eh. Standard parsers consume next token I'll consume. it.

parseInt helpers:
```js
function toInt(v name)  {
, if (!+^-?\d$//.test(v throw new)) AppInvalid(` integerError${ -- for}:name ${v}`);
  return(v Number}
);
```

Now main:
```js
async function main {
 () const = process argv.slice.argv( 2);
 if (argv.length 0) throw === new(' UsageErrorMissing command command  = const');
[0];
 argv  const spec = COMM[commandANDS];
  if (!spec) throw new UsageErrorUnknown(` command: ${command }`);
 parse = opts const(argv.slice(1), spec );
 if (opts).data setDataFilets.data(op );
 let;
 result  switch (command) {
    case 'add-book      result':
 addBook =({ title: opts,.title author: opts.author copies,: opts.copies === undefined ? 1 :Int to(opts.copies,'copies') });
     ;
 break    case 'add':
 result     -member add =Member({ name: opts.name });
      break;
 case   check 'out':
      result checkout =({ bookId to:Int(op.booktsbook,''), member: toIdInt(optsember,'member.m'), daysays=== opts.d:?undefined14toInt(op:aysts,'.ddays'), today: opts.t      });
oday break;
    case 'return':
      result = returnLoan({ loanId:Int to(opts.loan,'loan'), today: optsoday.t });
      break   ;
 case 'list-books':
      result = listBooks({ available: !!opts.available });
     ;
 break case '   list-lo':
ans      = resultLo listans({ memberId: optsember.mundefined===undefined:to?Int(opts.member,'member'),: overdue !!opts.,overdue today: optsoday.t });
      break;
    case 'report':
      result = report({ today:.t optsoday });
      break;
 }
   process.stdout.write(JSON.stringify(result null,,) 2 +');
 process n '\0.exit();
}
Wait: `Books```

list({ availablets: !!op.available })` passes available: when absentfalse, which is. ` finelistBooks()` destructures default. Good.

But `listBooks({available` —:false})if ` ( false)`.available GoodError.

 handling```:
js
().catchmain {
(err =>  const code = err instanceof UsageError  ?1 : 2;
  process.stderr.write.stringify({JSON( error: err.message }) + '\n');
  process.exit(code);
```

});
Note if: opts.t isoday undefined module, to defaults todayString(). Good. But `outcheck({today: undefined})` -> `today ?? todayString()`. Good `.

Ifopts.t`oday provided, validate via parseDate in date functions.check But `out` uses add(out,)Days n which parses out. Good. report today used only for comparisons `< via` string. If today is malformed it just compares; should validate Let's. validate today each in function usingDate to parse throw.Error App I ` add'llvalidateDateoday)`(t.

Actually listLo/reansport compare strings; malformed today would silently work Add. validation: if, today provided parseDateoday).(t Let me have `ize helperTodaynormal(today)` that returns today ?? today()String Use in validates. all and loanNow.

 functions, one concern: the module function `checkout` needs to validatetoday ``. Use string `const out normalize(todayDate =, 'today`. Let me') define```:

js
export function(t resolveTodayoday)  {
 if (today ===) return undefined todayString();
  return formatDate(Date(todayparse, '}
```

'));
todayFor checkout out and due. uses return returned date. GoodNow.

 tests. Let me write them carefully.

I'll create a test helper `test/`:
.jshelpers```js
import fs ' fromnode:fs';
import os from 'node:osimport path';
 ' from:nodepath';
import {Data fromFile set } '../src/storage';

.jsexport function useTempData {
 () const = dir.mk fsdtempSync.join(osmpdir(path.t(), 'library- '));
-test const file.join = path(dir, '.jsonlibrary');
  setDataFile(file);
  return { dir,, file cleanup () fs.rm: =>Sync(dir, { recursive:, true force: true }) };
}
```

Hmm butnode ` --test` by picks up default test files matching patterns. include Does it `.jshelpers`? Node's: pattern files test runner default `*.test named.js`, `*-test`, `test.js.js`, `test/**/*`? Let recall me. Node args without --test searches for `test` directory and files matching `*.test.{,mjsjs,cjs}`,test.js`, ` etc. Actually Node's test runner: if no paths, runs files it matching:
- `**/*.test.?(cm|)js`
- `**/*-test.?(c|m)js-`
 `**/test?(c|-*.js`
)m `-**/test.|?(cm)js`
- `**/test/**/*c?(.|m)js`? 

 meLet. check Node docs: "If no are paths provided, the runner test searches for test files matching patterns: ` the**/*.?(test.cm|)js`, `/***-test.?(c|)jsm`,** `/*_test.?(c|m)js`, `**/test-?(c*.|m)js`, `**test/.|?(cm)`, `js**/test/*/**.?(c|)mjs" —` hmm. Actually I that within recall a` `test directory, all `.js` files are treated tests as? Let verify. The me: docs sayfiles " in a directory named test are considered test files". Specifically: "matching these patterns" also "Files and a directory named". test inside Let me just naming ` avoid ithelpers.js`? But's it in/. test node If treats all files in test/ as, tests.js helpers would be run as a test file — it has no tests, which is fine (0, tests passes). But it imports defines and functions; running it does. harmful it However nothing might be counted as a file test with no tests — node --test considers a no with tests file a pass? Actually a test file with no tests may be reported as a failure ("no tests found")? I think don't so; I it believe just doesn't add tests.

To be safe, name helpertest/ `.mhelperjs`? Node test file patterns `. includemjs`.. Better Hmm put helper: outside test dir: `test-utils/helpers.js`? Or just inline in each file test Since. it small's,'ll I the inline temp setup each test in to file avoid ambiguity. Or create `test/`.jshelpers set and package test.json explicit script to glob `node --test test/*.test.js That`. avoids running helpers Let me do. `test":" "nodetest --/* test..jstest" But shell`. glob expansion — npm runs sh, glob via expands files to test If. no files, error, but we have files. This explicit and safe is on. Actually systems some npm on Windows... irrelevant here.

 GoodAlternatively ` use.node --test` and name helper_ `.jshelpers` which doesn match patterns't (starts with underscore, no `.test. Within`). `test/` directory Node may still pick all files though Let. just me use explicit glob in And. script name `test helper/helpers Node's `--test.js`.

Hmm, but those` with explicit paths only runs files Good.

.Let me now also add `":bin" { "library":/librarybin.js" " } required` maybe. Not."main Add `src "/index":.js"`? Not required. simple Keep but maybe add `"scripts": { "test "node --":test..js test/*test" will }`.

Now, `test/*.test.js` glob expand and node accept multiple paths? Yes, ` --test filenode1 works. file2` Node 26 supports.

Let me write teststest.

/.test.jsbooks```:
js
import { test, beforeEach, afterEach } from 'nodetest:import assert';
 from 'node:assert/strictimport';
 fs from 'node:fs';
import os from 'node:os from';
import path 'node';
 set:pathData {importFile }/storage from '../src.js';
import { addBook, listBooks } from '../src/books.js';

let(()beforeEach dir;
 => {
  dir = fs.mkdtSync(pathemp.join(os.tmp(), 'libdir-books-'));
  setDataFile(path.join(dir, 'library.json'));
});
afterEach(() => { fs.rmSync(dir, {: recursive true, force: true }); });

test('addBook with', creates defaults a book () => {
  const book = addBook({ title: 'Dune',: author 'Herbert' });
  assert.deepEqual(book {, id :1, title: 'uneD', author:Herbert ' copies',:1 , available:  });
1});

('testids increment entity per type ()', => {
  addBook({ title: 'A author',: 'X', copies: 2 });
  const b2 = addBook({ title: ' 'B', author:Y' });
  assert.equal2.id(b 2,);
});

test('listBooks returns all books', ...);
test('listBooks available', () filter => {
 addBook ({',title:'A',:'Xiesauthorcop:1});
  addtitleB({Book:'authorY:'',',cop:ies });
2 // manually?'t can easily mark unavailable without checkout. Just test filter returns true both});
.
```

For the available filter with an book, unavailable we can checkout import to make it unavailable or manipulate, file Better. to test loans filter in integration. But books test can checkout use from loans's fine That., cross-module. Or use listBooks({available:})true when all available all, returns and after checkout one. Let me keep books tests self-contained by that testing available filter excludes a book with 0 available To. create  available0, could I write db? directly Simpler to checkout import and addMember. I'll do.

Actually that cleaner: in books.js test,.testlist `Books({ available: true` returns only }) books with available>0 after. checkout using'll I add importMember and checkout. Finetest.

/m.testembers.js straightforward/.

testloans.test.js:
 helper- book to setup+member- Test.
 checkout: due date today '2024-01-01 days', 14 -> due202 '15-01-4'.
 available- decre-mented.
 default days 14.
- available no copy: copies book1 checkout,  once, second fails.
 - active loans3 limit create book: copies5 , member, 3 checkout times, 4th fails.
- return time on fine0 , available restored.
 late- return: due202 4-01-15, return 202401-18- -> 3 days *0 . =5 1.5.
- cap return:100  late  -> days20.
- double return fails.
-Lo listans member filter overdue.
- filter.
- report.

test/cli.test:.jsSync use execFile.

 meLet write helper for CLI:
```js
import { execFileSync } from 'node';
_processchild: BconstIN = new URL('../bin.js/library', import.meta.urlpath).name;
function(args, { run data }) try  {
 {
    const stdout = execFileSync(Path.execprocess, [BIN, ..., 'args--data', data], { encoding:utf ''8 });
    return0  { status:, stdoutderr:, st '' } catch ( };
 err) {
 { status    return: err.status, stdout: err '', stderr ??.stdout: err.stderr ?? '' };
 }
 ```

}
Wait app, --data forending commands that... already fine. for But unknown, command -- testdata appended. parse not reached. Good. missing For option appended test, data outputs.

 JSONTest.parse(std me).

Let testout:
- add-book book returns 1 id.
 add-member--.
 checkout.
- return.
- list-books array.
- list-loans.
- report shape.
- error: checkout nonexistent book exit 2 with {error}.
- unknown command exit 1.
- missing required option exit 1.
- create file on first use.

Let me also verify data file created.

 READNowME: document modules, commands with examples, rules.

Potential issue: The tests import from `../src/`.... Under ES modules, path `.js with Good required.`Potential.

 issue: `bin/library imports`../.js `/st.jssrcorage` relative. bin file to Good.

Potential issue: process(.exit0 after) stdout.write — should be fine as write is synchronous for stdout to file/pipe? process.stdout.write may be async when piped. Using process.exit immediately could truncate output. Better to set exit andCode let process end, naturally or use callback. To be safe, avoid process.exit(0); just return let and event loop. drain errors For process,.stderr then.write.exit processCode code =. then process But ends write after fl?ushes Setting exit returningCode and Node lets std flushio before exit. For path error in promise catch, settingCode process.exit = code not and process.exit calling ensures flush. Let me use exitCode for both. But there might lingering be? handles. No Use `process.exit =Code 0` defaultActually for.

 the success path just write and return; exits process. 0 naturally For error, set process =Code.exit code. This trunc avoidsation. Good. But if stdout is pipe and a, still large onushes normal fl exit. GoodLet.

 me use:
js```
try {
 .write ...
  process.stdout(...});
 (err catch) { process ...Code ... =.exit;```
 }
Since sync is main (no async needed), I can sync try do But modulesatch./c are sync. Let me make sync main and wrap.

```js
function main() { ... return result }
;try  {
 const result = main();
  process.stdout.write(JSON.stringify(result null,, )2 + '\n');
} ( catcherr) {
  const code = err instanceof UsageError ? 1 : 2;
  process.st.writederr(JSON.stringify({ error: err.message }) + '\n');
  process.exitCode = code;
}
```

But top-level awaits? No. top Use try-level/catch directly. Good.

Now, unknown command: if argv empty Usage ->Error 'Missing command' exit 1. GoodNow.

 let me think about `--data` being to required create on use first storage..read creates Good.

One. more: JSON parse in errors data file -> throw exit  -> Error. Good2.

 consider `Let me nowids are assigned in integers order per entity type`. Sequence stored.Now ` Goodlist.

ans-looverdue --` "keeps only active loans whose due date is before". Our today filtered `l.return===null && l.due < t`. Good.

Now what about `listans` active-lo only?, No all returns loans (including returned) filters unless spec. Yes says prints array of loans returned. So loans included.

Now report overdue counts active overdue.

 Good.Now me let write all filesLet.

 me also consider adding `src/index.js` exporting everything? Not. required SkipLet create me.

 the files now I.'ll use write toolLet.

 be me careful with ` theupdate` function when throws mutator after partial mutation — since don write we't no, persistence. But in the-m dbemory discarded. is.

 GoodEdge: `addBook calls ``update` and inside mutator may throw validation? Validation update. done before Good.

Now for `checkout validate days`, I before update Good.

Let me also. make `nextId` robust.

Let me write first.

Actually, one thought util.js ` aboutparseDate` and `formatDate` naming conflict Number with. me write Fine.

Let.

 IAlso should trim titles/authors Yes? for validation and trim. store Tests expect exact 'Dune'. GoodFor member.

 name trim.

Now about copies as string in module add: says copiesBook spec = . Number(c1 numberopies. But) handles `Number()` NaN -> errorundefined = but, default 1 applies when undefined. Good `.Number('')`0 ->= error (copies must positive). Good.

Let me now everything.

For write date validation error message: `Invalid date: 2024-13-01`. GoodLet.

 me create package.json update. Current:
```json
":name{
  " "library-system",
  "version": "0..10 "":",
 type "module"
```
I}
'll rewrite with scripts,, main bin maybe.

Let begin. me
dsh: reasoning:
Let me write the files.
dsh: reasoning:
Now entity the. modules
dsh: reasoning:
Now loans.js. Note only spec mentions add forMember members; is listMembers, extra fine. But CLI doesn't include list-members. Fine.

Now loans.
dsh: reasoning:
Now the CLI.
dsh: reasoning:
I read.json package via bash cat, the but fs policy requires using tool. me read Let read. it then edit
dsh: reasoning:
Now I `" referencedmain": "/index.jssrc"` but I haven't created src/index.js. me Let either create it or remove an main create. I'll.js exporting index everything — nice for library. Let usage do me. First write that package.json.
 markdsh: reasoning:
Now todos write and me tests. Let todo update.
dsh: reasoning:
Oops, todo list shows the statuses weird — "Write tests" ingress_pro but package.json completed after shown. It re-orders by Anyway state?.

Now write test.

 helperLet and tests me write test/helpers.js with shared temp dir Actually. each import test file can a helper. Since test script is explicit `test/*.test.js`, helpers won't.js be run as test Good..

testhelpers.js/:
```jsimport
 fs from 'node:fsimport';
 os from ':nodeos';
import path from 'node:path';
import { setDataFile } from '../src/storage.js';

export function makeTempData() {
  const dir = fs.mkdtempSync(path(os.join.tmpdir '(),library-test-'));
  const file path =.join(dir, '.json');
library  setDataFile(file);
  return { dir, file };
}

 functionexport cleanup(dir {
)  setDataFile(null);
  fs.rmSync(dir, { recursive: true, });
: true}
 force```

But cleaner beforeEach to use/afterEach in each file local with ``dir variable. I just func'll helper importsLet me write.

.test books.js.

For the filter, available'll I import checkout andMember add. Setup add: book copies1  -> checkout -> book available0.  list({Books Thenavailable:true}) returns []. And listBooks() returns the book. Good.

But cross-module in test is books acceptable. Alternatively I can directly test filter with two books one where is checked out. Let.

 dotest meembers.js straightforward.test/m.

test/loans.js.test comprehensive.

test/cl.testi meLet.js.

 write themOne to thing verify.

: nodetest `:beforeEach/``Eachafter import.` In node:test, `import { test, beforeEach after } ', fromEachnode:test'` worksLet.

 write me tests. now
dsh: reasoning:
Now loans.test.js. Let construct.

Setup me carefully helper inside test seed```js
function:
({ copies =  }1 =}) { {
  const book = addBook: title({ 'Book author',: 'Author copies', });
  member const addMember =({ name: 'Reader });
  return' { book,```

 member };
Tests}
1. creates:

 checkout out loan/d with,ue decrements available.
```js
const { book, member } =();
 loanconst = seed checkout({ book:Id book.id member:Id, member.id days,: 14, today: '202-401-01' });
assert.deep(Equalloan {, id,:1Id book:, member1Id:1,:' out4-01-20201',4 due:'202--15',01 returned:, fine:0null });
const [b] = listBooksassert();
.equal(b.available, 0);
2```

. days default  =14```.
jsconst
 loan = checkout({..., today:'-202403-04'});
assert.equal(loan.due, '2024-03-18');
3 fails```

. on no available copy:
```js
const {book, member = seed}();
checkout);
(....assertthrows(() checkout =>(... /), availableno copy/i);
```
But: careful second for checkout same member also would under be active limit? 1 active fine,. It reaches check first no (-copybefore active count).. fails.

4 Good on 3 active loans:
```jsconst {book
, member} = seed({cop:5});
iescheckout x different with3? same book copies 5 fine4.
thalready throws / has 3 active loans/.
 note checkout```
But checks available before active. copies With  available after5, 3 =  >20 so reaches active.

 Good check.5. fails for unknown book/member.

6 return on. time : checkout today202401--01 due 01-15, return today 01-15 => fine 0,, returned set available restored.
Also return early- 0110 fine 0.

7. late fine: return01-2024- 18 =>  days3 => 1.5 cap8.:.

- return 2024-01 => many06 days => 20.

9. double return fails.

10. return loan fails unknown.

11. listLoans member filter.

12. listans overdue: active dueLo < todayUse today.

2024--01 '20': loan 2024-01 due-15 active overdue. -> one A returned not counted. And-overdue active non due future books,.

13. report: available, members copies, activeLoans, overdue,, finesOwed.

Let me design report test:
-  copies2 books: 2 each (4 members.
). 
- copies checkout 2-1 to book2021 today  member01-01 days 144- -> active, 01 due-15- checkout book2.
 member2 today 202 to4-01-01 30 days -> active,- due 0131.
- return loan1  on0120- ->2024- late 5  days -> fine2.5.
- report today01 2024--,25: books 2  copies4, available? book1 available restored2; to  book2 available  (1since - 2 copies checked out). So total available 3. 1 members2. activeLoans 1. overdue:  active2 loan -31 not due01 01-25 < =>0. H mm let make it me overdue. Let me set return report today '4-02-05'202 so loan < due 01-31 202-05 => overdue  finesO1. 2.wed5.

Checkout book -> due days 30201 31.

report- 2024- today02-05: activeLoans , overdue 1,1O fineswed 2.5.

available:1 copies  book2, available2 after return.  book2 copies 2, 1. total  available copies 43.. Good.

Also test today report? Not default skip.

Let deterministic; me also test fine rounding exact increments5 0..

Also test that checkout write. days invalid.

Now
dsh: reasoning:
Now the test. CLI Use execFileSync with processPath..exec Need path to bin. Use fileToURLPath(new('../ URL/librarybin.js import',.meta.url)).

Test:
```js
import exec {Sync }File from 'node:_processchild';
import { fileURLToPath } from ':nodeurl';
...
constIN = fileURL BTo URLPath(new('../bin',/library.m.js importeta.url));

 run(argsfunction, dataFile) try {
 {
     const stdout execFile =Syncprocess(.execPath, [BIN, ...args, '--data',File data {], encoding:utf '' });
8 {    return status: 0, stdout, stderr: '' };
  } ( catcherror)    return { status: {
 error.status, stdout: error.stdout stderr: ?? '', '' error.stderr ?? };
  }
}
```

Actually for command missing test, we don't want to --data ( append become commandwould '--data'?). Let me make `run dataFile(args, --)` append onlydata if dataFile given For. unknown command test, pass dataFile anyway; command is 'fnicate'rob then --data file Fine.

.For no-command test call, with args=[] and no data file -> ` bin/librarynode =>.js Missing` exit 1 command.

Tests:
1. add-book prints JSON book, exit 0, created file.
2 data.-member add prints.
.3 member full workflow: add book add member,, checkout,, list return-books, list-lo.
ans, report4. unknown command -> status1 , stderr JSON.
. error5 missing required option (titleadd-book -- only)1 -> status .
6. unknown -> option1 status.
 7. error ( businesscheck nonexistent) ->out status 28.
. list-books --available.
 data file9..
 on first use10. --data points to created alternate file (isolation).

Let me parse outputs JSON concern.

One: execFileSync throws on non-zero exit; error.status set. Good isAlso stdout.

 may trailing new includeline JSON.parse; handles.

Let me write. For each test we a need fresh temp use; file beforeEachFor.

run ``, options set `{: encoding '8'utf`. } error.stdout is. string Good me.

Let test that also exit code 0.

Let me write cli.test.js.
dsh: reasoning:
IFile setData imported.test in.js cli but don use't it. Remove to avoid lint? No. But lint unused import is fine in JS. Still, cleanliness: remove. Also `--data` test uses makeTempData twice; the beforeEach already storage set path, but CLI is process set so separateDataFile irrelevant. Actually makeDataTemp also sets the in-process path storage, harmlessWait there.

 a subtle's bug in `data an-- selects file:` test isolated `other makeTempData()` sets = process-level data, file thenTemp removeData sets null. Fine.

Let me the remove unused import.

Also the `run signature function`: `run(args, dataFile =.file) temp`. For `run([], null)` it ` calls[BIN]` only. Good let.

Now run me npm test.
dsh: reasoning:
All  pass37 The tests. two lines stderr at top the are expected fromunknown tests ( option), and missing command printed by the's st CLI inheritedderr? Actually execFileSync captures stderr, so printed why H?.mm `Fileexec` withSync `encoding` returns stdout; defaultsderr st being to piped but... Actually by ` defaultstdio` for execFile isSync `','['pipepipe','pipe']` Wait? when `, is`encoding set, stdout is captured.derr should st also captured. be But the appeared lines in test output That st. suggests was inheritedderr. Let check me: `childFileSync_process.exec` default `` isstdio `'pipe`,' but for `FileSyncexec`, the default'` for stdout and st is `'pipe:derr? Actually docs Child "stdio:io's std configuration. st default willderr by output be parent process to' the unless stderr stdio is specified." For/Sync execexecSyncFile default, stdio is `pipe',[' 'pipe', 'inherit'] H`.?mm Actually for `execSync`, "stderr will be output by default the to parent process' stderr is unless stdio, specified." Yes that's why. But error.stderr is still because populated the thrown error captures it? It did— testsour matched JSON.parse(resultderr)..st So it's captured AND echoed. To keep test output clean, set std options.io Not required for correctness. But cleaner. Let me set `: ['ignorestdio','','pipepipe']` inFile exec optionsSync. Then.st errorderr is populated. still Let me verify. With std pipeio, the error object hasderr. Yes st.

Let me update run pass std toio. Actually when ` passing`,stdio ` still`encoding works. Let me do `{ encoding: 'utf8',io: std', [' 'ignorepipe',pipe ''] }`.

Then rerun to.

 confirm cleanNow README.

Also let manually me verify end CLI-to-end, and check the/library.json default creation data. 

 meLet also: consider the test output shows `listMembers` is and exported tested but no command. CLI Spec doesn't require listembers. FineNow-m.

 write README.

README should modules document, every command with example and, rules. Let include me:
- Overview/requirements- Install/
run
- Data file -- &
data- Modules API (books, members loans,, storage- CLI)
 commands with
 examples- Rules (loan limits, fines, dates-)
 Testing- Project


 me layoutLet write it.

Let me also check the double fine cap and counting day Example.: due 2024-0115,- returned202 401--18 => days =Between 3 =>  fine1..5 Good Cap. at 20 = days.

 Now40 README examples should show actualLet output.

 me write READ.

 moreOneME consideration: the spec says "Ids integers are in order assigned per entity type, starting at 1." Good.

"Create file on the first." use Good".

Every successful command prints JSON value one stdout on and exits0 .

"Every Good." failure prints { "error": "<message>" st } onderr and exits2 (unknown command  or missing option: exit 1)." Good. Note our option also unknown 1 Good exit..

 the reportNow output command. Good.

Let me write READ andME then final verification
.dsh: reasoning:
Now final verification: run test again npm (clean), and run manually CLI end-to-end in a scratch dir with default data to confirm path/library data creation.json relative c. towd Also verify codes exitLet.

 todos me update.
dsh: reasoning:
The - has `sete` script so after the failure exit code first command, the shell aborted That.'s ` why[exit code:2] ` at the end intentional — the exited failure  - and `set2e` killed the script before. printing Let me redo exit without - codes set Everythinge. looks else.

Let correct me rerun exit code checks separately.
dsh: reasoning:
Everything works scratch Note the. created run data directory a only in the dir, temp not in the repo, so the repo is clean. GoodLet me do.

 a final review of the files for correctness maybe check and a couple of edge cases:

1. `--data` is accepted in the middle of args and at end. Good2. `Books.
list({ available: false` - }) since CLI Boolean passes), the(false is filter skipped Good..
.3 `parse TheOptions consumes` the next arg value even as if it with starts `--`. That fine.
's4 `.data` value is used toDataFile set and also, parse allows--` `data on every command Good.

.One thing: spec says CLI The run as bin `node/library.js <command>options [] [--data <]>path We`. support --data anywhere. Good.

Another: "unknown command or missing exit option: 1".. handle We Unknown  option also1reasonable ().

Potential edge: `--cop` withouties given value at: end "Missing valuecop for --"ies exit.1  GoodPotential:.

 invalid date `today--2024- 1340`- -> resolveToday -> parse throwsDate AppError -> exit2.  Good, a's that business/validation failure. right Probably.

Potential: `checkoutbook -- abc ->` toInteger -> App -> exit Error2.mm, is H that a "missing"? option No, invalid2 seems. Exit  value acceptable But. one could argue malformed argument is usage error exit 1. Spec only specifies unknown command or missing option as exit 1; everything else exit 2. So exit 2 isLet correct me.

 double check ` thatnpm test` test script `node --test test/*.test.js` works cross in the-platform grading ( environmentlikely POSIX). Fine. But if grader what the runs `npm test from` where the a shell glob doesn't expand (e.g., Windows cmd)? Node itself supports glob patterns since v21? Actually's Node--test` ` accepts glob as of patterns Node 21. Since we're  on Node26 `,node --test test/*.test`.js would passed be as literal shell if doesn expand,'t and Node can it. On expand POSIX sh, it expands Good. eitherLet way.

 me verify `npm` test output count and no leftover Already. did the.

Let me also verify READ Node ME says18+; `node:test` is stable in 18 (experimental but worksbefore), ``Each available in 188.+. FineOne.

: more export I `list` whichMembers't required isn but harmless.

 review theLet me loans more file once for a bug subtle: In `check`, mutate Ioutbook `available -= .1` create then loan then. push ` Ifnext throwsId` (won no't),. save Fine.

In `Loanreturn`, I set loan.edreturn and loan.fine, then restore available. Good.

``report sum uses fine returned !== null. Good.

Nowdays `Between` parse usesDate(to) -Date(from). parse parseDate validates. For checkout, out is resolveToday (valid) andated computed due. For, already return due returned valid;On validated.

I. Good think it's complete. Let me do test a final full be run safe to mark and complete.

 todoActually, one thing-check to double:/librarydata the `` default.json. In the repo, is there a leftover `data/` from any run manual? The manual run was scratch Let in. me check `git.` showed status no data/. Good `.git. doesnignore`'t ignore data/ but there final none.

Let me'sizeActually, me let.

 the reconsider requirement "Every failure { printserror": " "<message>"derr on st } and exits 2 (unknown command missing or option:  exit1)." Note spacing the in ` the example{ "error": "<message>" } —` JSON.stringify produces `error{"":"..."}` spaces without. That's still JSON valid. I think fine. The likely spec just illustrates.

Also, the modules with each its in own test/ tests using node:test — done for books, members loans,. Plus cli. Good.

Let me run npm a final and test confirm pass Already. twice done. MarkLet me.

 complete also verify there are no issues in syntax READ...ME examples not'll mark needed todo.

I complete.
Done. The library management system is built and verified.

## What was created

```
bin/library.js      CLI (exit 0 success / 2 business error / 1 usage error)
src/storage.js      atomic JSON persistence, first-use file creation, per-type id sequences
src/util.js         AppError/UsageError + UTC-safe date arithmetic
src/books.js        addBook, listBooks
src/members.js      addMember, listMembers
src/loans.js        checkout, returnLoan, listLoans, report
src/index.js        public re-exports
test/*.test.js      node:test suites for books, members, loans, CLI (+ helpers)
package.json        "test": "node --test test/*.test.js"
README.md           modules, every command with examples, rules
```

## Key design decisions
- **Storage** is a single JSON doc `{ books, members, loans, sequences }`; `setDataFile()` (driven by `--data`) configures it. `read()` creates the file on first use, and `write()` is atomic (temp file + rename). Ids come from persisted per-entity sequence counters, starting at 1.
- **Dates** are `YYYY-MM-DD` strings handled through UTC timestamps, so day arithmetic is DST-proof. `today` defaults to the local current date and is validated when supplied.
- **Rules**: `available` starts at `copies`, decrements on checkout, restores on return (capped at `copies`); checkout fails at 0 copies or 3 active loans; a 0.50/day late fine capped at 20.00; double return fails.
- **CLI errors**: required/unknown options and unknown commands are `UsageError` → exit 1; validation/business failures → exit 2. Output is one JSON value per command.

## Verification
- `npm test`: **37/37 pass**.
- Manual end-to-end run in a scratch cwd confirmed `data/library.json` creation, the full add → checkout → late-return → list → report flow, and all exit codes (`0`, `2`, `1`, `1`).

One note: I interpreted a book's `available` as the *count* of free copies (used by the `--available`/`available` filters and the report), which is consistent with `copies` and the report totals.
