✔ add-book prints the book with copies and availability (52.181958ms)
✔ a second book gets the next id and one copy by default (47.5765ms)
✔ add-member prints the member (92.846667ms)
✔ checkout computes the due date and decrements availability (95.308458ms)
✔ checkout fails with exit 2 when no copy is available (96.451042ms)
✔ list-books --available hides fully lent books (46.927875ms)
✔ a member may not hold more than 3 active loans (191.1405ms)
✔ list-loans filters by member and overdue (141.787833ms)
✔ returning late charges 0.50 per day, capped at 20 (95.001042ms)
✔ returning on time charges nothing and returning twice fails (95.336042ms)
✔ availability is restored after returns (46.841417ms)
✔ report sums everything (47.343875ms)
✔ unknown commands exit 1 and errors go to stderr as JSON (95.556459ms)
✔ the data file is JSON and the README documents the commands (1.001708ms)
✔ the repository's own tests pass (1165.428875ms)
ℹ tests 15
ℹ suites 0
ℹ pass 15
ℹ fail 0
ℹ cancelled 0
ℹ skipped 0
ℹ todo 0
ℹ duration_ms 2371.16775
