✔ rng is mulberry32 with int and pick (0.74325ms)
✔ generated levels obey the constraints and are deterministic (16.634916ms)
✔ field of view matches the specified Bresenham rule (0.673ms)
✔ paths are shortest, step over passable tiles and honour blocked tiles (4.662792ms)
✔ a new game has the specified player, level and populated entities (0.899084ms)
✔ movement, walls and turns (0.426125ms)
✔ combat numbers, kills, xp and levels (0.534541ms)
✔ monsters chase in sight, wander out of sight, never overlap or enter walls (1.127375ms)
✔ items: pickup, capacity, potions, equipment, drop, gold (0.712834ms)
✔ stairs, depths, the amulet, death and the end of the game (2.225083ms)
✔ keys, scripts, serialization, hashes and determinism (10.584083ms)
✔ random play keeps every invariant (196.667708ms)
✔ the page loads in headless Chrome without errors and shows the HUD (4002.821334ms)
✔ source rules: no eval, vm, child processes or extra network; three.js from the pinned URL (2.900917ms)
✔ the repository's own tests pass (399.242416ms)
ℹ tests 15
ℹ suites 0
ℹ pass 15
ℹ fail 0
ℹ cancelled 0
ℹ skipped 0
ℹ todo 0
ℹ duration_ms 4701.989417
