[fefef46a] Bash
[fefef46a] Glob
[fefef46a] Bash
[fefef46a] Write
[fefef46a] Write
[fefef46a] Write
[fefef46a] Write
[fefef46a] Write
[fefef46a] Write
[fefef46a] Write
[fefef46a] Write
[fefef46a] Write
[fefef46a] Write
[fefef46a] Write
[fefef46a] Write
[fefef46a] Write
[fefef46a] Write
[fefef46a] Write
[fefef46a] Write
[fefef46a] Write
[fefef46a] Bash
[fefef46a] Edit
[fefef46a] Edit
[fefef46a] Bash
[fefef46a] Read
[fefef46a] Edit
[fefef46a] Bash
[fefef46a] Bash
[fefef46a] Write
[fefef46a] Edit
[fefef46a] Read
[fefef46a] Edit
[fefef46a] Bash
