[1fd88344] Glob
[1fd88344] Bash
[1fd88344] Read
[1fd88344] Read
[1fd88344] Read
[1fd88344] Read
[1fd88344] plan_write
plan: 3 tasks, 2 milestones
project: Task implement-store-methods started (Add toggle, remove and count to the store factory) · session 579c860a-9bef-4731-9010-e47687bf85ca
[579c860a] Read
[579c860a] Bash
[579c860a] Read
[579c860a] Edit
[579c860a] Bash
[579c860a] Bash
[579c860a] Read
[579c860a] task_report
project: Task implement-store-methods done.
project: Task add-tests-new-methods started (Test toggle, remove and count with node:test) · session a0579c02-a056-420c-bb68-4df099cf7ee5
[a0579c02] Read
[a0579c02] Read
[a0579c02] Read
[a0579c02] Write
[a0579c02] Bash
[a0579c02] task_report
project: Task add-tests-new-methods done.
project: Milestone m1 (Core API: toggle, remove, count + tests) is complete and waits for your approval. Try the result, then /project run continues or /project replan <note> revises the plan.
milestone approved: m1
project: Task write-readme started (Write README.md documenting the store API with an example) · session 616e033f-f0fc-43d1-a3f4-faf1eeee6aa9
[616e033f] Read
[616e033f] Bash
[616e033f] Write
[616e033f] Bash
[616e033f] Bash
[616e033f] task_report
project: Task write-readme done.
project: Milestone m2 (Documentation: README with API and example) complete; continuing.
project: Project complete: every task is done.
