✔ add-book prints the book with copies and availability (49.773584ms)
✔ a second book gets the next id and one copy by default (47.502583ms)
✔ add-member prints the member (92.663958ms)
✔ checkout computes the due date and decrements availability (93.444625ms)
✔ checkout fails with exit 2 when no copy is available (94.9165ms)
✔ list-books --available hides fully lent books (47.459542ms)
✔ a member may not hold more than 3 active loans (188.56875ms)
✔ list-loans filters by member and overdue (140.211166ms)
✔ returning late charges 0.50 per day, capped at 20 (94.520833ms)
✔ returning on time charges nothing and returning twice fails (94.312917ms)
✔ availability is restored after returns (46.946833ms)
✔ report sums everything (46.200667ms)
✔ unknown commands exit 1 and errors go to stderr as JSON (95.206291ms)
✔ the data file is JSON and the README documents the commands (0.84375ms)
✔ the repository's own tests pass (2162.604291ms)
ℹ tests 15
ℹ suites 0
ℹ pass 15
ℹ fail 0
ℹ cancelled 0
ℹ skipped 0
ℹ todo 0
ℹ duration_ms 3355.399375
