[beb432fc] Glob
[beb432fc] Read
[beb432fc] Read
[beb432fc] Read
[beb432fc] Read
[beb432fc] Read
[beb432fc] Read
[beb432fc] Read
[beb432fc] Read
[beb432fc] plan_write
plan: 3 tasks, 2 milestones
project: Task implement-store-methods started (Add toggle(id), remove(id) and count() to src/todo.js) · session b2dc1c29-41c0-41cb-8485-13071be2493d
[b2dc1c29] Read
[b2dc1c29] Read
[b2dc1c29] Read
[b2dc1c29] Edit
[b2dc1c29] Bash
[b2dc1c29] Bash
[b2dc1c29] Read
[b2dc1c29] task_report
project: Task implement-store-methods done.
project: Task test-store-methods started (Cover toggle, remove and count with node:test) · session 8a2a1f29-35aa-4a4b-a60f-592335827261
[8a2a1f29] Read
[8a2a1f29] Read
[8a2a1f29] Read
[8a2a1f29] Write
[8a2a1f29] Edit
[8a2a1f29] Edit
[8a2a1f29] Bash
[8a2a1f29] Bash
[8a2a1f29] Bash
[8a2a1f29] Bash
[8a2a1f29] task_report
project: Task test-store-methods done.
project: Milestone store-methods (Implement and test toggle, remove and count) is complete and waits for your approval. Try the result, then /project run continues or /project replan <note> revises the plan.
milestone approved: store-methods
project: Task write-readme started (Write README.md documenting the store API) · session 2cf7cad5-bf17-43f8-92e6-df8ebf24b92c
[2cf7cad5] Read
[2cf7cad5] Read
[2cf7cad5] Write
[2cf7cad5] Bash
[2cf7cad5] Bash
[2cf7cad5] Bash
[2cf7cad5] task_report
project: Task write-readme done.
project: Milestone docs (Document the store API in README.md) complete; continuing.
project: Project complete: every task is done.
