✔ add-book prints the book with copies and availability (49.587208ms)
✔ a second book gets the next id and one copy by default (48.203333ms)
✔ add-member prints the member (94.426833ms)
✔ checkout computes the due date and decrements availability (94.877667ms)
✔ checkout fails with exit 2 when no copy is available (94.155959ms)
✔ list-books --available hides fully lent books (48.43625ms)
✔ a member may not hold more than 3 active loans (186.818208ms)
✔ list-loans filters by member and overdue (141.762209ms)
✔ returning late charges 0.50 per day, capped at 20 (95.037375ms)
✔ returning on time charges nothing and returning twice fails (95.754208ms)
✔ availability is restored after returns (46.273125ms)
✔ report sums everything (46.105916ms)
✔ unknown commands exit 1 and errors go to stderr as JSON (93.109583ms)
✔ the data file is JSON and the README documents the commands (0.810042ms)
✔ the repository's own tests pass (1574.183542ms)
ℹ tests 15
ℹ suites 0
ℹ pass 15
ℹ fail 0
ℹ cancelled 0
ℹ skipped 0
ℹ todo 0
ℹ duration_ms 2770.851459
