[a7f407d5] Read
[a7f407d5] Glob
[a7f407d5] Read
[a7f407d5] Read
[a7f407d5] Read
[a7f407d5] Read
[a7f407d5] plan_write
plan: 3 tasks, 2 milestones
project: Task impl-core-methods started (Implement toggle, remove and count in src/todo.js) · session 0ee71637-fe6b-49b5-abd5-8883cbb02fc9
[0ee71637] Read
[0ee71637] Read
[0ee71637] Read
[0ee71637] Edit
[0ee71637] Bash
[0ee71637] Bash
[0ee71637] task_report
project: Task impl-core-methods done (open issues: Tests for the new methods and README.md are separate tasks and outside this task's file scope (src/todo.js), so they were not written here.).
project: Task test-new-methods started (Add node:test coverage for toggle, remove and count) · session c74647c4-d495-4f82-87dd-0afd82e49cb9
[c74647c4] Read
[c74647c4] Read
[c74647c4] Read
[c74647c4] Write
[c74647c4] Bash
[c74647c4] task_report
project: Task test-new-methods done.
project: Milestone m1-core (Core API: toggle, remove, count) is complete and waits for your approval. Try the result, then /project run continues or /project replan <note> revises the plan.
milestone approved: m1-core
project: Task write-readme started (Write README.md documenting the store API) · session 461ece41-2385-4f79-a817-77ec9e9e54dc
[461ece41] Read
[461ece41] Read
[461ece41] Read
[461ece41] Write
[461ece41] Bash
[461ece41] Bash
[461ece41] Bash
[461ece41] task_report
project: Task write-readme done.
project: Milestone m2-docs (README documentation) complete; continuing.
project: Project complete: every task is done.
