✔ add-book prints the book with copies and availability (48.359792ms)
✔ a second book gets the next id and one copy by default (45.649667ms)
✔ add-member prints the member (91.29275ms)
✔ checkout computes the due date and decrements availability (91.675542ms)
✔ checkout fails with exit 2 when no copy is available (92.692084ms)
✔ list-books --available hides fully lent books (45.837459ms)
✔ a member may not hold more than 3 active loans (184.009792ms)
✔ list-loans filters by member and overdue (138.968584ms)
✔ returning late charges 0.50 per day, capped at 20 (92.479292ms)
✔ returning on time charges nothing and returning twice fails (93.06375ms)
✔ availability is restored after returns (47.969791ms)
✔ report sums everything (46.747125ms)
✔ unknown commands exit 1 and errors go to stderr as JSON (91.875958ms)
✔ the data file is JSON and the README documents the commands (0.683ms)
✔ the repository's own tests pass (2344.157875ms)
ℹ tests 15
ℹ suites 0
ℹ pass 15
ℹ fail 0
ℹ cancelled 0
ℹ skipped 0
ℹ todo 0
ℹ duration_ms 3514.381792
