[13bd63b3] Bash
[13bd63b3] Glob
[13bd63b3] Read
[13bd63b3] Read
[13bd63b3] plan_write
[13bd63b3] plan_write
[13bd63b3] plan_write
plan: 7 tasks, 3 milestones
project: Task store-core started (JSON store, error type and shared test helper) · session be0addb2-cb3d-4b10-8d28-6e73d1c6f5fd
[be0addb2] Bash
[be0addb2] Read
[be0addb2] Read
[be0addb2] Bash
[be0addb2] Write
[be0addb2] Write
[be0addb2] Write
[be0addb2] Write
[be0addb2] Edit
[be0addb2] Edit
[be0addb2] Bash
[be0addb2] Bash
[be0addb2] Bash
[be0addb2] Bash
[be0addb2] Bash
[be0addb2] WebSearch
[be0addb2] Read
[be0addb2] Edit
[be0addb2] Bash
[be0addb2] Bash
[be0addb2] Bash
[be0addb2] task_note
[be0addb2] task_report
project: Task store-core done.
project: Task books-module started (src/books.js: addBook and listBooks) · session 9ccd67a2-ba47-4f06-9ebe-ca070cee6ca2
project: Task members-module started (src/members.js: addMember) · session 957de107-ad30-4405-9a7f-99c66ec7eb5e
[957de107] Read
[957de107] Read
[957de107] Read
[9ccd67a2] Read
[9ccd67a2] Read
[9ccd67a2] Read
[9ccd67a2] Bash
[957de107] Bash
[957de107] Read
[9ccd67a2] Write
[957de107] Write
[9ccd67a2] Edit
[957de107] Edit
[9ccd67a2] Edit
[957de107] Edit
[957de107] Write
[9ccd67a2] Write
[957de107] Bash
[957de107] Bash
[9ccd67a2] Write
[957de107] Read
[9ccd67a2] Bash
[957de107] Bash
[9ccd67a2] Bash
[9ccd67a2] Bash
[9ccd67a2] Bash
[9ccd67a2] task_report
project: Task books-module done.
[957de107] Bash
[957de107] task_report
project: Task members-module done (open issues: My first npm test run failed on test/books.test.js (a parallel task's file, mid-edit at the time); it is outside my scope so I left it alone, and the following run passed 33/33.).
project: Task cli-base started (bin/library.js: argument parsing and the book/member commands) · session 4eabc718-e6cd-447c-bbb5-0f4c6a884e05
[4eabc718] Read
[4eabc718] Read
[4eabc718] Read
[4eabc718] Read
[4eabc718] Read
[4eabc718] Read
[4eabc718] Bash
[4eabc718] Read
[4eabc718] Write
[4eabc718] Write
[4eabc718] Bash
[4eabc718] Bash
[4eabc718] Bash
[4eabc718] Bash
[4eabc718] task_note
[4eabc718] task_report
project: Task cli-base done (open issues: checkout/return/list-loans/report are intentionally absent until the cli-loans task; they currently fail as unknown commands (exit 1), which is the specified behaviour for this task.).
project: Milestone m1-foundation (Foundation: storage, books, members, first CLI commands) is complete and waits for your approval. Try the result, then /project run continues or /project replan <note> revises the plan.
milestone approved: m1-foundation
project: Task loans-module started (src/loans.js: checkout, returnLoan, listLoans and report) · session 66798af9-3415-400b-afa4-d1fb30d4e081
[66798af9] Read
[66798af9] Read
[66798af9] Read
[66798af9] Read
[66798af9] Read
[66798af9] Read
[66798af9] Read
[66798af9] Read
[66798af9] Write
[66798af9] Write
[66798af9] Edit
[66798af9] Edit
[66798af9] Edit
[66798af9] Edit
[66798af9] Bash
[66798af9] Edit
[66798af9] Bash
[66798af9] Bash
[66798af9] Bash
[66798af9] Bash
[66798af9] task_note
[66798af9] task_report
project: Task loans-module done.
project: Task cli-loans started (bin/library.js: checkout, return, list-loans and report) · session aa56d069-f59b-4bfe-9447-c2ff6fe4c712
[aa56d069] Read
[aa56d069] Read
[aa56d069] Read
[aa56d069] Edit
[aa56d069] Edit
[aa56d069] Edit
[aa56d069] Bash
[aa56d069] Bash
[aa56d069] Bash
[aa56d069] task_report
project: Task cli-loans done.
project: Milestone m2-loans (Loans, fines, reporting and the complete CLI) is complete and waits for your approval. Try the result, then /project run continues or /project replan <note> revises the plan.
milestone approved: m2-loans
project: Task docs-readme started (README.md: modules, commands, rules) · session eab1cbb5-2f57-42c8-8d0b-c0697d6b0ad9
[eab1cbb5] Read
[eab1cbb5] Read
[eab1cbb5] Read
[eab1cbb5] Read
[eab1cbb5] Read
[eab1cbb5] Read
[eab1cbb5] Read
[eab1cbb5] Bash
[eab1cbb5] Bash
[eab1cbb5] Bash
[eab1cbb5] Bash
[eab1cbb5] Bash
[eab1cbb5] Write
[eab1cbb5] Edit
[eab1cbb5] Edit
[eab1cbb5] Bash
[eab1cbb5] Edit
[eab1cbb5] Bash
[eab1cbb5] Read
[eab1cbb5] Edit
[eab1cbb5] Bash
[eab1cbb5] Bash
[eab1cbb5] Read
[eab1cbb5] Read
[eab1cbb5] Read
[eab1cbb5] Read
[eab1cbb5] task_note
[eab1cbb5] task_report
project: Task docs-readme done.
project: Milestone m3-docs (Documentation) complete; continuing.
project: Project complete: every task is done.
