✔ rng is mulberry32 with int and pick (0.706333ms)
✔ generated levels obey the constraints and are deterministic (17.202625ms)
✔ field of view matches the specified Bresenham rule (0.623ms)
✔ paths are shortest, step over passable tiles and honour blocked tiles (4.987333ms)
✔ a new game has the specified player, level and populated entities (0.92ms)
✔ movement, walls and turns (0.716917ms)
✔ combat numbers, kills, xp and levels (0.67925ms)
✔ monsters chase in sight, wander out of sight, never overlap or enter walls (1.486292ms)
✔ items: pickup, capacity, potions, equipment, drop, gold (1.160875ms)
✔ stairs, depths, the amulet, death and the end of the game (2.066625ms)
✔ keys, scripts, serialization, hashes and determinism (11.740917ms)
✔ random play keeps every invariant (271.610042ms)
✔ the page loads in headless Chrome without errors and shows the HUD (7186.33425ms)
✔ source rules: no eval, vm, child processes or extra network; three.js from the pinned URL (2.344333ms)
✔ the repository's own tests pass (250.311625ms)
ℹ tests 15
ℹ suites 0
ℹ pass 15
ℹ fail 0
ℹ cancelled 0
ℹ skipped 0
ℹ todo 0
ℹ duration_ms 7814.752333
