✔ rng is mulberry32 with int and pick (0.693083ms)
✔ generated levels obey the constraints and are deterministic (16.5235ms)
✔ field of view matches the specified Bresenham rule (0.650417ms)
✔ paths are shortest, step over passable tiles and honour blocked tiles (4.018375ms)
✔ a new game has the specified player, level and populated entities (0.785ms)
✔ movement, walls and turns (0.774083ms)
✔ combat numbers, kills, xp and levels (0.799125ms)
✔ monsters chase in sight, wander out of sight, never overlap or enter walls (1.6485ms)
✔ items: pickup, capacity, potions, equipment, drop, gold (1.063334ms)
✔ stairs, depths, the amulet, death and the end of the game (2.132459ms)
✔ keys, scripts, serialization, hashes and determinism (11.745667ms)
✔ random play keeps every invariant (292.655916ms)
✔ the page loads in headless Chrome without errors and shows the HUD (4066.959375ms)
✔ source rules: no eval, vm, child processes or extra network; three.js from the pinned URL (2.36775ms)
✔ the repository's own tests pass (254.972583ms)
ℹ tests 15
ℹ suites 0
ℹ pass 15
ℹ fail 0
ℹ cancelled 0
ℹ skipped 0
ℹ todo 0
ℹ duration_ms 4719.69575
