✔ add-book prints the book with copies and availability (48.387292ms)
✔ a second book gets the next id and one copy by default (45.73725ms)
✔ add-member prints the member (90.26125ms)
✔ checkout computes the due date and decrements availability (93.100417ms)
✔ checkout fails with exit 2 when no copy is available (94.231292ms)
✔ list-books --available hides fully lent books (47.068ms)
✔ a member may not hold more than 3 active loans (189.307041ms)
✔ list-loans filters by member and overdue (138.397583ms)
✔ returning late charges 0.50 per day, capped at 20 (91.533334ms)
✔ returning on time charges nothing and returning twice fails (92.439792ms)
✔ availability is restored after returns (48.808542ms)
✔ report sums everything (45.844292ms)
✔ unknown commands exit 1 and errors go to stderr as JSON (96.870417ms)
✔ the data file is JSON and the README documents the commands (0.751625ms)
✔ the repository's own tests pass (875.843833ms)
ℹ tests 15
ℹ suites 0
ℹ pass 15
ℹ fail 0
ℹ cancelled 0
ℹ skipped 0
ℹ todo 0
ℹ duration_ms 2058.764125
