✔ add-book prints the book with copies and availability (48.425083ms)
✔ a second book gets the next id and one copy by default (47.58575ms)
✔ add-member prints the member (98.00475ms)
✔ checkout computes the due date and decrements availability (100.056791ms)
✔ checkout fails with exit 2 when no copy is available (96.993084ms)
✔ list-books --available hides fully lent books (47.141291ms)
✔ a member may not hold more than 3 active loans (194.8605ms)
✔ list-loans filters by member and overdue (147.017167ms)
✔ returning late charges 0.50 per day, capped at 20 (98.661917ms)
✔ returning on time charges nothing and returning twice fails (101.83925ms)
✔ availability is restored after returns (47.836792ms)
✔ report sums everything (49.525125ms)
✔ unknown commands exit 1 and errors go to stderr as JSON (97.117125ms)
✔ the data file is JSON and the README documents the commands (0.682875ms)
✔ the repository's own tests pass (1110.709417ms)
ℹ tests 15
ℹ suites 0
ℹ pass 15
ℹ fail 0
ℹ cancelled 0
ℹ skipped 0
ℹ todo 0
ℹ duration_ms 2347.45575
