[c957513e] Bash
[c957513e] Glob
[c957513e] Bash
[c957513e] Write
[c957513e] Write
[c957513e] Write
[c957513e] Write
[c957513e] Write
[c957513e] Write
[c957513e] Bash
[c957513e] Write
[c957513e] Write
[c957513e] Edit
[c957513e] Edit
[c957513e] Write
[c957513e] Write
[c957513e] Write
[c957513e] Edit
[c957513e] Edit
[c957513e] Edit
[c957513e] Bash
[c957513e] Bash
[c957513e] Bash
[c957513e] Bash
[c957513e] Bash
[c957513e] Edit
[c957513e] Edit
[c957513e] Edit
[c957513e] Edit
[c957513e] Edit
[c957513e] Edit
checkpoint 5 min (timer): 05-dungeon 12/15
[c957513e] Read
[c957513e] Edit
[c957513e] Edit
[c957513e] Bash
[c957513e] Bash
[c957513e] Bash
[c957513e] Edit
[c957513e] Edit
[c957513e] Edit
[c957513e] Write
[c957513e] Bash
[c957513e] Write
[c957513e] Bash
[c957513e] Edit
[c957513e] Bash
[c957513e] Edit
[c957513e] Bash
[c957513e] Write
[c957513e] Write
[c957513e] Write
[c957513e] Write
[c957513e] Write
[c957513e] Write
[c957513e] Write
[c957513e] Write
[c957513e] Edit
[c957513e] Edit
[c957513e] Edit
[c957513e] Write
checkpoint 10 min (timer): 05-dungeon 13/15
[c957513e] Edit
[c957513e] screenshot
[c957513e] screenshot
[c957513e] Edit
[c957513e] Edit
[c957513e] screenshot
[c957513e] Edit
[c957513e] Edit
[c957513e] Edit
[c957513e] Write
[c957513e] Bash
[c957513e] screenshot
[c957513e] Edit
[c957513e] Edit
[c957513e] Edit
[c957513e] Edit
[c957513e] Bash
[c957513e] screenshot
[c957513e] Edit
[c957513e] Edit
[c957513e] screenshot
[c957513e] Edit
[c957513e] Edit
[c957513e] Bash
checkpoint 15 min (timer): 05-dungeon 15/15
[c957513e] screenshot
[c957513e] Edit
[c957513e] screenshot
[c957513e] Edit
[c957513e] Bash
[c957513e] Bash
[c957513e] Edit
[c957513e] Write
[c957513e] Edit
[c957513e] Bash
[c957513e] Bash
[c957513e] Edit
[c957513e] Edit
checkpoint 20 min (timer): 05-dungeon 15/15
[c957513e] Edit
[c957513e] Edit
[c957513e] Bash
[c957513e] Edit
[c957513e] screenshot
[c957513e] Edit
[c957513e] Write
[c957513e] Bash
[c957513e] screenshot
[c957513e] Bash
[c957513e] Bash
[c957513e] Bash
checkpoint 25 min (timer): 05-dungeon 15/15
[c957513e] Read
[c957513e] Read
[c957513e] Bash
[c957513e] screenshot
[c957513e] Bash
checkpoint 28.1 min (end of phase 1): 05-dungeon 15/15
[c957513e] Edit
[c957513e] Edit
[c957513e] Edit
[c957513e] Edit
[c957513e] Edit
[c957513e] Edit
[c957513e] Edit
[c957513e] Write
[c957513e] Bash
checkpoint 33.2 min (timer): 05-dungeon 14/15, 05-dungeon-phase2 4/6
[c957513e] Bash
[c957513e] Bash
[c957513e] Edit
[c957513e] Edit
[c957513e] Edit
[c957513e] Edit
[c957513e] Edit
[c957513e] Edit
[c957513e] Bash
checkpoint 38.2 min (timer): 05-dungeon 14/15, 05-dungeon-phase2 4/6
[c957513e] Bash
[c957513e] Bash
[c957513e] Edit
[c957513e] Edit
[c957513e] Bash
[c957513e] Bash
[c957513e] Edit
[c957513e] Bash
checkpoint 43.2 min (timer): 05-dungeon 15/15, 05-dungeon-phase2 5/6
[c957513e] Edit
[c957513e] Edit
[c957513e] Edit
[c957513e] Edit
[c957513e] Edit
[c957513e] Edit
[c957513e] Edit
[c957513e] Edit
[c957513e] Edit
[c957513e] Edit
[c957513e] Edit
[c957513e] Edit
[c957513e] Edit
[c957513e] Edit
[c957513e] Edit
[c957513e] Edit
checkpoint 48.2 min (timer): 05-dungeon 15/15, 05-dungeon-phase2 6/6
[c957513e] Edit
[c957513e] Bash
[c957513e] Edit
[c957513e] screenshot
[c957513e] Edit
[c957513e] Read
[c957513e] Edit
[c957513e] Edit
[c957513e] Edit
[c957513e] Edit
[c957513e] Edit
[c957513e] Edit
[c957513e] Edit
[c957513e] Bash
checkpoint 53.2 min (timer): 05-dungeon 15/15, 05-dungeon-phase2 6/6
[c957513e] screenshot
[c957513e] screenshot
[c957513e] Bash
checkpoint 56.8 min (end of phase 2): 05-dungeon 15/15, 05-dungeon-phase2 6/6
