[224a6a4d] Read
[224a6a4d] Glob
[224a6a4d] Read
[224a6a4d] Read
[224a6a4d] Read
[224a6a4d] plan_write
[224a6a4d] plan_write
plan: 3 tasks, 2 milestones
project: Task core-cli started (Implement the kv store CLI (store module, command logic, entry point)) · session e420d667-8734-4ebd-9a65-4ecab756be6c
[e420d667] Bash
[e420d667] Glob
[e420d667] Write
[e420d667] Write
[e420d667] Write
[e420d667] Edit
[e420d667] Edit
[e420d667] Read
[e420d667] Bash
[e420d667] Write
[e420d667] Bash
[e420d667] Bash
[e420d667] Bash
[e420d667] Bash
[e420d667] Bash
[e420d667] Bash
[e420d667] Bash
[e420d667] Bash
[e420d667] Bash
[e420d667] task_note
[e420d667] task_report
project: Task core-cli done (open issues: test/, package.json's scripts.test and README.md are owned by other tasks (cli-tests, readme), so `npm test` does not exist yet from my side; my verification used spawned CLI runs and direct module imports instead. The implementation is ready for the cli-tests suite to exercise.; I did not chmod the executable bit check into any test, and no .kv.json was left behind, so cli-tests can safely spawn the CLI with any working directory.).
project: Milestone m1 (Core CLI runs end to end (set/get/del/list, --file, --ttl)) is complete and waits for your approval. Try the result, then /project run continues or /project replan <note> revises the plan.
milestone approved: m1
project: Task cli-tests started (Automated node:test suite for the CLI plus the npm test script) · session 74ef04e7-bfd9-43f3-a166-1d9f34be0b3d
project: Task readme started (README documenting every command and option) · session 17246932-6f32-40bd-97f0-d9287abf8e95
[74ef04e7] Read
[74ef04e7] Read
[74ef04e7] Read
[74ef04e7] Read
[17246932] Read
[17246932] Read
[74ef04e7] Bash
[17246932] Read
[17246932] Bash
[17246932] Bash
[17246932] Write
[17246932] Edit
[17246932] Edit
[74ef04e7] Write
[74ef04e7] Write
[17246932] Bash
[17246932] Bash
[74ef04e7] Edit
[74ef04e7] Write
[17246932] task_report
project: Task readme done (open issues: package.json currently has no "test" script (owned by the parallel cli-tests task), so `npm test` is not yet runnable in the tree; the README documents it per the design.).
[74ef04e7] Write
[74ef04e7] Write
[74ef04e7] Edit
[74ef04e7] Edit
[74ef04e7] Read
[74ef04e7] Edit
[74ef04e7] Bash
[74ef04e7] Bash
[74ef04e7] Edit
[74ef04e7] Edit
[74ef04e7] Edit
[74ef04e7] Bash
[74ef04e7] Bash
[74ef04e7] Edit
[74ef04e7] Bash
[74ef04e7] Bash
[74ef04e7] Bash
[74ef04e7] Bash
[74ef04e7] Bash
[74ef04e7] Bash
[74ef04e7] Bash
[74ef04e7] Edit
[74ef04e7] Bash
[74ef04e7] task_report
project: Task cli-tests done.
project: Milestone m2 (Automated tests pass (npm test) and README documents every command) complete; continuing.
project: Project complete: every task is done.
