[2c2a5088] Read
[2c2a5088] Glob
[2c2a5088] Read
[2c2a5088] Read
[2c2a5088] Read
[2c2a5088] Read
[2c2a5088] Read
[2c2a5088] plan_write
plan: 9 tasks, 3 milestones
project: Task foundation started (Foundation: package test script, money, dates, JSON store) · session c739df38-e600-410c-bab5-11ccec5a15fb
[c739df38] Read
[c739df38] Read
[c739df38] Bash
[c739df38] Write
[c739df38] Write
[c739df38] Write
[c739df38] Write
[c739df38] Write
[c739df38] Write
[c739df38] Write
[c739df38] Write
[c739df38] Bash
[c739df38] Bash
[c739df38] task_report
project: Task foundation done.
project: Task customers started (Customers module) · session b10ab1e4-4984-487f-b324-25d01c318a6a
project: Task products started (Products module) · session 55ac5279-ee5d-47bb-bb0e-ab48ea12c6a8
[55ac5279] Read
[55ac5279] Read
[b10ab1e4] Read
[b10ab1e4] Read
[55ac5279] Bash
[55ac5279] Read
[b10ab1e4] Read
[b10ab1e4] Glob
[55ac5279] Write
[b10ab1e4] Write
[55ac5279] Edit
[b10ab1e4] Write
[b10ab1e4] Edit
[55ac5279] Write
[b10ab1e4] Bash
[55ac5279] Bash
[55ac5279] Bash
[55ac5279] Bash
[b10ab1e4] task_report
project: Task customers done.
[55ac5279] task_report
project: Task products done.
project: Task invoices started (Invoices module: drafts, lines, issue, pay, void, list) · session 953f6d56-0e37-44a3-b8c1-9d017d58f057
[953f6d56] Read
[953f6d56] Read
[953f6d56] Read
[953f6d56] Read
[953f6d56] Read
[953f6d56] Read
[953f6d56] Read
[953f6d56] Write
[953f6d56] Write
[953f6d56] Bash
[953f6d56] Bash
[953f6d56] Bash
[953f6d56] task_note
[953f6d56] task_note
[953f6d56] task_report
project: Task invoices done.
project: Task reports started (Reports: aging and revenue) · session f4149b75-37d5-4788-9a8b-901b82ea4c9a
[f4149b75] Read
[f4149b75] Read
[f4149b75] Read
[f4149b75] Read
[f4149b75] Read
[f4149b75] Write
[f4149b75] Write
[f4149b75] Edit
[f4149b75] Edit
[f4149b75] Edit
[f4149b75] Bash
[f4149b75] Bash
[f4149b75] task_report
project: Task reports done.
project: Milestone m1 (Library core: money, dates, store, customers, products, invoices, reports) is complete and waits for your approval. Try the result, then /project run continues or /project replan <note> revises the plan.
milestone approved: m1
project: Task serialization started (Output serialization and CSV export) · session 3e89b5a2-5ae7-411d-b85a-8d8c89d82d34
[3e89b5a2] Read
[3e89b5a2] Read
[3e89b5a2] Read
[3e89b5a2] Read
[3e89b5a2] Read
[3e89b5a2] Bash
[3e89b5a2] Read
[3e89b5a2] Read
[3e89b5a2] Read
[3e89b5a2] Write
[3e89b5a2] Write
[3e89b5a2] Write
[3e89b5a2] Write
[3e89b5a2] Edit
[3e89b5a2] Bash
[3e89b5a2] Bash
[3e89b5a2] task_note
[3e89b5a2] task_report
project: Task serialization done.
project: Task cli started (CLI entry point: parsing, dispatch, exit codes) · session 656a2046-d0df-4319-b7b8-14ec4d40e170
[656a2046] Read
[656a2046] Bash
[656a2046] Read
[656a2046] Read
[656a2046] Read
[656a2046] Read
[656a2046] Read
[656a2046] Read
[656a2046] Read
[656a2046] Read
[656a2046] Read
[656a2046] Write
[656a2046] Write
[656a2046] Bash
[656a2046] Bash
[656a2046] Write
[656a2046] Edit
[656a2046] Edit
[656a2046] Edit
[656a2046] Bash
[656a2046] Bash
[656a2046] Grep
[656a2046] Bash
[656a2046] task_note
[656a2046] task_note
[656a2046] task_report
project: Task cli done (open issues: package.json has no "bin" entry; the design's package.json spec mentions only type/scripts and package.json is outside this task's file scope, so the CLI is invoked as `node bin/invoice.js` (which is what §6 documents).).
project: Task cli-e2e started (End-to-end CLI workflow test and bug fixes) · session 8e287dd8-c638-4aa8-a321-cfe495db251a
[8e287dd8] Bash
[8e287dd8] Read
[8e287dd8] Bash
[8e287dd8] Bash
[8e287dd8] Bash
[8e287dd8] Bash
[8e287dd8] Read
[8e287dd8] Bash
[8e287dd8] Bash
[8e287dd8] Bash
[8e287dd8] Write
[8e287dd8] Edit
[8e287dd8] Bash
[8e287dd8] Bash
[8e287dd8] Bash
[8e287dd8] Read
[8e287dd8] task_report
project: Task cli-e2e done.
project: Milestone m2 (Command-line interface and end-to-end verification) is complete and waits for your approval. Try the result, then /project run continues or /project replan <note> revises the plan.
milestone approved: m2
project: Task readme started (README: modules, commands with examples, rules) · session 9b08d8bf-64c4-4735-9e75-3e9dca8db9fd
[9b08d8bf] Bash
[9b08d8bf] Read
[9b08d8bf] Read
[9b08d8bf] Read
[9b08d8bf] Read
[9b08d8bf] Read
[9b08d8bf] Read
[9b08d8bf] Read
[9b08d8bf] Read
[9b08d8bf] Read
[9b08d8bf] Read
[9b08d8bf] Read
[9b08d8bf] Bash
[9b08d8bf] Write
[9b08d8bf] Bash
[9b08d8bf] Bash
[9b08d8bf] Bash
[9b08d8bf] Bash
[9b08d8bf] Bash
[9b08d8bf] Bash
[9b08d8bf] Bash
[9b08d8bf] Bash
[9b08d8bf] Write
[9b08d8bf] Bash
[9b08d8bf] Bash
[9b08d8bf] Edit
[9b08d8bf] Edit
[9b08d8bf] Edit
[9b08d8bf] Edit
[9b08d8bf] Edit
[9b08d8bf] Bash
[9b08d8bf] Bash
[9b08d8bf] Edit
[9b08d8bf] Bash
[9b08d8bf] Bash
[9b08d8bf] Bash
[9b08d8bf] Read
[9b08d8bf] Edit
[9b08d8bf] Edit
[9b08d8bf] Bash
[9b08d8bf] Bash
[9b08d8bf] task_report
project: Task readme done (open issues: The error-table row `list --data broken.json` assumes the malformed file is in the working directory, since the CLI echoes the path it was given verbatim.).
project: Milestone m3 (Documentation) complete; continuing.
project: Project complete: every task is done.
