[804535e3] Glob
[804535e3] Read
[804535e3] Read
[804535e3] Read
[804535e3] Read
[804535e3] WebSearch
[804535e3] plan_write
plan: 6 tasks, 3 milestones
project: Task storage-core started (Storage, date/validation helpers and the npm test script) · session 61fbea1b-777d-4c8e-a352-d9a629b8ac1a
[61fbea1b] Read
[61fbea1b] Read
[61fbea1b] Bash
[61fbea1b] Write
[61fbea1b] Write
[61fbea1b] Write
[61fbea1b] Write
[61fbea1b] Write
[61fbea1b] Write
[61fbea1b] Write
[61fbea1b] Write
[61fbea1b] Bash
[61fbea1b] Bash
[61fbea1b] Bash
[61fbea1b] Bash
[61fbea1b] task_note
[61fbea1b] task_report
project: Task storage-core done (open issues: npm test currently succeeds because no sibling test files exist yet; once the parallel books/members/loans/CLI test files land, the full suite's result will depend on those tasks, not on this one. My own three files were also verified standalone (34/34, exit 0).).
project: Task books-module started (src/books.js: addBook and listBooks) · session 22b5bfa7-0264-4dbd-8886-1be49ec090e9
project: Task members-module started (src/members.js: addMember) · session 23a17e9d-4276-4ccc-ac04-e36de46877e1
[22b5bfa7] Read
[22b5bfa7] Read
[22b5bfa7] Read
[22b5bfa7] Read
[23a17e9d] Read
[23a17e9d] Read
[23a17e9d] Read
[23a17e9d] Glob
[22b5bfa7] Bash
[22b5bfa7] Read
[22b5bfa7] Read
[23a17e9d] Read
[23a17e9d] Write
[23a17e9d] Write
[23a17e9d] Bash
[23a17e9d] Bash
[22b5bfa7] Write
[23a17e9d] task_report
[22b5bfa7] Write
project: Task members-module done.
project: Task loans-module started (src/loans.js: checkout, returnLoan, listLoans, report) · session c819d25e-5c0d-46c9-b32a-d415ce31bc6d
[c819d25e] Read
[c819d25e] Read
[c819d25e] Read
[22b5bfa7] Bash
[22b5bfa7] Bash
[c819d25e] Read
[c819d25e] Read
[22b5bfa7] task_report
project: Task books-module done.
[c819d25e] Write
[c819d25e] Write
[c819d25e] Bash
[c819d25e] Bash
[c819d25e] task_note
[c819d25e] task_note
[c819d25e] task_report
project: Task loans-module done.
project: Milestone m1-data-layer (Data layer and domain modules) complete; continuing.
project: Task cli started (bin/library.js: command-line interface with tests) · session 9a0f6502-5a89-47f4-9181-99cab20677f2
[9a0f6502] Bash
[9a0f6502] Read
[9a0f6502] Read
[9a0f6502] Read
[9a0f6502] Read
[9a0f6502] Read
[9a0f6502] Read
[9a0f6502] Write
