[b363c34e] Read
[b363c34e] Glob
[b363c34e] Read
[b363c34e] Read
[b363c34e] Grep
[b363c34e] Glob
[b363c34e] plan_write
plan: 10 tasks, 3 milestones
project: Task rng-and-harness started (Test harness, seeded RNG and boundary guard) · session eb891dbf-adb9-4e39-a97a-093c155b1a32
[eb891dbf] Bash
[eb891dbf] Glob
[eb891dbf] Bash
[eb891dbf] Write
[eb891dbf] Write
[eb891dbf] Bash
[eb891dbf] Write
[eb891dbf] Write
[eb891dbf] Bash
[eb891dbf] Bash
[eb891dbf] Bash
[eb891dbf] Bash
[eb891dbf] Bash
[eb891dbf] Edit
[eb891dbf] Bash
[eb891dbf] Bash
[eb891dbf] Bash
[eb891dbf] Bash
[eb891dbf] task_note
[eb891dbf] Read
[eb891dbf] task_report
project: Task rng-and-harness done.
project: Task fov started (Field of view (src/fov.js)) · session caf7c237-425f-4f40-aa14-399098970876
project: Task path started (8-directional shortest paths (src/path.js)) · session 37ba7eb1-4884-43b6-987f-7aaf5434946a
[caf7c237] Bash
[caf7c237] Read
[37ba7eb1] Read
[37ba7eb1] Read
[caf7c237] Read
[caf7c237] Read
[37ba7eb1] Read
[37ba7eb1] Write
[37ba7eb1] Write
[37ba7eb1] Edit
[37ba7eb1] Edit
[37ba7eb1] Bash
checkpoint 5 min (timer): 05-dungeon 0/1
[37ba7eb1] Bash
[37ba7eb1] Edit
[37ba7eb1] Bash
[37ba7eb1] Edit
[37ba7eb1] Bash
[37ba7eb1] Edit
[37ba7eb1] Bash
[37ba7eb1] Bash
[caf7c237] Bash
[37ba7eb1] Bash
[37ba7eb1] Read
[caf7c237] Bash
[37ba7eb1] Edit
[37ba7eb1] Edit
[37ba7eb1] Bash
[37ba7eb1] task_note
[caf7c237] Write
[37ba7eb1] task_report
project: Task path done.
project: Task map-generation started (Level generation (src/map.js)) · session b5d4d3b8-560f-4ef8-bcf6-5bd5fabab596
[b5d4d3b8] Read
[b5d4d3b8] Read
[b5d4d3b8] Bash
[b5d4d3b8] Read
[caf7c237] Write
[caf7c237] Edit
[caf7c237] Bash
[caf7c237] Bash
[b5d4d3b8] Write
[caf7c237] Bash
[b5d4d3b8] Write
[caf7c237] Bash
[b5d4d3b8] Bash
[caf7c237] Bash
[b5d4d3b8] Bash
[b5d4d3b8] Bash
[caf7c237] Read
[b5d4d3b8] Bash
[caf7c237] task_report
[b5d4d3b8] Edit
project: Task fov attempt 1/3 failed: npm test exited 1. Retrying in the same session.
[b5d4d3b8] Bash
[b5d4d3b8] Read
[caf7c237] Bash
[caf7c237] Bash
[b5d4d3b8] Edit
[b5d4d3b8] Bash
[caf7c237] Bash
[b5d4d3b8] Edit
[b5d4d3b8] Bash
[caf7c237] Bash
[b5d4d3b8] Bash
[caf7c237] Bash
[b5d4d3b8] Bash
[caf7c237] task_report
project: Task fov done (open issues: Cross-task flakiness: `npm test` runs every executor's tests, so a parallel task's in-progress failure fails this task's acceptance too. Here it resolved itself; if it recurs, the map task's determinism test is the place to look, not fov.js.).
[b5d4d3b8] Bash
[b5d4d3b8] Edit
[b5d4d3b8] Edit
[b5d4d3b8] Bash
[b5d4d3b8] Bash
[b5d4d3b8] Bash
[b5d4d3b8] Read
[b5d4d3b8] task_note
[b5d4d3b8] task_note
checkpoint 10 min (timer): 05-dungeon 0/1
[b5d4d3b8] task_report
project: Task map-generation done.
project: Task game-world started (Game state, level setup, actions, monster AI, combat, serialization) · session dc3ca2cc-afc4-4877-b3c2-ef3e3eadd5f3
[dc3ca2cc] Bash
[dc3ca2cc] Read
[dc3ca2cc] Read
[dc3ca2cc] Read
[dc3ca2cc] Read
[dc3ca2cc] Read
[dc3ca2cc] Write
[dc3ca2cc] Edit
[dc3ca2cc] Bash
[dc3ca2cc] Bash
[dc3ca2cc] Bash
[dc3ca2cc] Bash
[dc3ca2cc] Write
[dc3ca2cc] Bash
[dc3ca2cc] Edit
[dc3ca2cc] Edit
[dc3ca2cc] Edit
[dc3ca2cc] Edit
[dc3ca2cc] Bash
[dc3ca2cc] Bash
[dc3ca2cc] Bash
[dc3ca2cc] Read
[dc3ca2cc] Edit
[dc3ca2cc] Bash
[dc3ca2cc] Edit
[dc3ca2cc] Edit
checkpoint 15 min (timer): 05-dungeon 8/15
[dc3ca2cc] Read
[dc3ca2cc] Bash
[dc3ca2cc] task_note
[dc3ca2cc] task_note
[dc3ca2cc] task_note
[dc3ca2cc] task_note
[dc3ca2cc] Bash
[dc3ca2cc] task_report
project: Task game-world done (open issues: The task text mentions "design sections 4, 5, 6, 7 and 12", but the design document only has sections 1-11; I implemented against 4 (state), 5 (level generation, consumed via map.js), 6 (game rules) and 7 (population, extended to depth >= 5).; Item pickup/use/drop and applyKey/runScript are intentionally not implemented here; until the items/keys task lands, those action types are silent no-ops and an amulet can be placed but not taken.; state.rng is stale after a descend until serialize()/hash() is called (per the design's explicit decision). Anything that round-trips through JSON.stringify(game.state) directly instead of game.serialize() will restore the wrong generator state.; test/game.test.js reaches deeper levels for the population test by writing game.state.player.x/y onto the '>' tile before calling descend, since there is no public teleport and walking there could be a long fight; the state is plain data so this is safe, but it is worth knowing when reading the test.).
project: Task game-items-keys started (Items, equipment, inventory, key mapping and determinism tests) · session 11fa94a9-4a52-4202-8dd2-25baffef84f1
[11fa94a9] Read
[11fa94a9] Read
[11fa94a9] Read
[11fa94a9] Edit
[11fa94a9] Edit
[11fa94a9] Edit
[11fa94a9] Edit
[11fa94a9] Edit
[11fa94a9] Read
[11fa94a9] Edit
[11fa94a9] Bash
[11fa94a9] Edit
[11fa94a9] Bash
[11fa94a9] Edit
[11fa94a9] Read
[11fa94a9] Edit
[11fa94a9] Bash
[11fa94a9] Bash
[11fa94a9] Bash
[11fa94a9] Edit
[11fa94a9] Bash
[11fa94a9] Read
[11fa94a9] Bash
[11fa94a9] Bash
[11fa94a9] Bash
[11fa94a9] Bash
[11fa94a9] Read
[11fa94a9] Edit
checkpoint 20 min (timer): 05-dungeon 10/15
[11fa94a9] Bash
[11fa94a9] task_note
[11fa94a9] task_note
[11fa94a9] task_note
[11fa94a9] task_report
project: Task game-items-keys done (open issues: A naive beeline bot dies at depths 3-4 on seeds 1-12, so a full five-level dive that ends in the amulet win currently needs either luck or an upgraded player. Not a defect in this task's rules (combat numbers follow the brief), but worth knowing for the integration task and for playability tuning.).
project: Task integration-tests started (Whole-game integration tests (win, descend, deep dive invariants)) · session 253725b9-9a6e-4b86-9281-d5abed515f11
[253725b9] Bash
[253725b9] Read
[253725b9] Read
[253725b9] Read
[253725b9] Bash
[253725b9] Bash
[253725b9] Bash
[253725b9] Bash
[253725b9] Read
[253725b9] Write
[253725b9] Bash
[253725b9] Edit
[253725b9] Edit
[253725b9] Bash
[253725b9] Edit
[253725b9] Bash
[253725b9] Bash
[253725b9] Bash
[253725b9] Edit
[253725b9] Bash
[253725b9] Edit
[253725b9] Bash
[253725b9] Read
[253725b9] Edit
[253725b9] Bash
[253725b9] task_note
[253725b9] task_report
project: Task integration-tests done.
project: Milestone m1-core (Deterministic core (Node, npm test green)) is complete and waits for your approval. Try the result, then /project run continues or /project replan <note> revises the plan.
milestone complete: m1-core
checkpoint 25 min (timer): 05-dungeon 10/15
checkpoint 25 min (milestone m1-core): 05-dungeon 10/15
project: Task page-and-view started (index.html, HUD/log/inventory, input and baseline 3D view) · session c2b5a614-8b6a-445d-b8e3-e33b83c72b69
[c2b5a614] Bash
[c2b5a614] Read
[c2b5a614] Read
[c2b5a614] Read
[c2b5a614] Bash
[c2b5a614] Bash
[c2b5a614] Bash
[c2b5a614] Bash
[c2b5a614] Bash
[c2b5a614] Bash
[c2b5a614] Bash
[c2b5a614] Write
[c2b5a614] Write
[c2b5a614] Write
[c2b5a614] Write
[c2b5a614] Edit
[c2b5a614] Edit
[c2b5a614] Edit
[c2b5a614] Edit
[c2b5a614] Edit
[c2b5a614] Edit
[c2b5a614] Edit
[c2b5a614] Write
[c2b5a614] Bash
[c2b5a614] screenshot
[c2b5a614] screenshot
[c2b5a614] Edit
[c2b5a614] Edit
[c2b5a614] screenshot
[c2b5a614] Bash
[c2b5a614] Bash
[c2b5a614] Bash
[c2b5a614] screenshot
checkpoint 30 min (timer): 05-dungeon 12/15
[c2b5a614] Bash
[c2b5a614] Bash
[c2b5a614] screenshot
[c2b5a614] Bash
[c2b5a614] screenshot
[c2b5a614] Edit
[c2b5a614] Edit
[c2b5a614] screenshot
[c2b5a614] Bash
[c2b5a614] Bash
[c2b5a614] Bash
[c2b5a614] Bash
[c2b5a614] Bash
[c2b5a614] screenshot
[c2b5a614] screenshot
checkpoint 35 min (timer): 05-dungeon 12/15
[c2b5a614] Edit
[c2b5a614] Edit
[c2b5a614] Bash
[c2b5a614] Edit
[c2b5a614] Edit
[c2b5a614] Bash
[c2b5a614] Bash
[c2b5a614] Bash
[c2b5a614] Bash
[c2b5a614] screenshot
[c2b5a614] Read
[c2b5a614] Edit
[c2b5a614] Read
[c2b5a614] Edit
[c2b5a614] Edit
[c2b5a614] Edit
[c2b5a614] Edit
checkpoint 40 min (timer): 05-dungeon 11/15
[c2b5a614] Edit
[c2b5a614] Edit
[c2b5a614] Edit
[c2b5a614] Bash
[c2b5a614] screenshot
[c2b5a614] Read
[c2b5a614] Bash
[c2b5a614] screenshot
[c2b5a614] Bash
[c2b5a614] Bash
[c2b5a614] task_note
[c2b5a614] task_report
project: Task page-and-view done (open issues: Movement and entity motion are immediate (no tweens), hit flash and kill particles are absent, and there is no WebAudio; all of that is the renderer-polish task, which owns src/renderer/** and only needs the frozen createRenderer interface already delivered here.; The inventory panel, the arrow keys and the title's 'any key' start could not be exercised by the screenshot tool (it cannot send keystrokes); they are covered by the DOM-stub tests and by inspection of main.js's handler.).
project: Milestone m2-page (Playable browser page with baseline 3D view) is complete and waits for your approval. Try the result, then /project run continues or /project replan <note> revises the plan.
milestone complete: m2-page
checkpoint 44.8 min (milestone m2-page): 05-dungeon 12/15
project: Task renderer-polish started (Renderer feel: tweens, flashes, shake, particles, lighting, audio) · session 8ddf0f7d-44bf-4b7f-bd41-f15d50428f69
project: Task readme started (README.md: play, controls, architecture, tests) · session 7c9e2a3c-2b01-4c70-9d02-2aa5aeaf7a5a
[8ddf0f7d] Read
[8ddf0f7d] Read
[7c9e2a3c] Bash
[7c9e2a3c] Read
[8ddf0f7d] Bash
[8ddf0f7d] Bash
[7c9e2a3c] Read
[7c9e2a3c] Read
[7c9e2a3c] Read
[7c9e2a3c] Read
[8ddf0f7d] screenshot
checkpoint 45 min (timer): 05-dungeon 12/15
[7c9e2a3c] Read
[7c9e2a3c] Read
[7c9e2a3c] Read
[7c9e2a3c] Bash
[7c9e2a3c] Bash
[7c9e2a3c] Read
[8ddf0f7d] Read
[8ddf0f7d] Read
[7c9e2a3c] Bash
[7c9e2a3c] Read
[7c9e2a3c] Read
[7c9e2a3c] Bash
[7c9e2a3c] Bash
[7c9e2a3c] WebSearch
[7c9e2a3c] Bash
[7c9e2a3c] Bash
[7c9e2a3c] Bash
[7c9e2a3c] screenshot
[7c9e2a3c] Write
[8ddf0f7d] Write
[7c9e2a3c] Edit
[7c9e2a3c] Edit
[7c9e2a3c] Bash
[8ddf0f7d] Write
[7c9e2a3c] Bash
[8ddf0f7d] Edit
[7c9e2a3c] Bash
[8ddf0f7d] Edit
[7c9e2a3c] Read
[8ddf0f7d] Write
[7c9e2a3c] Edit
[7c9e2a3c] Read
[8ddf0f7d] Write
[7c9e2a3c] Bash
[7c9e2a3c] Edit
[7c9e2a3c] Edit
[8ddf0f7d] Write
[7c9e2a3c] Read
[8ddf0f7d] Write
[7c9e2a3c] Edit
[7c9e2a3c] Edit
[7c9e2a3c] Bash
[8ddf0f7d] Write
[7c9e2a3c] Bash
[7c9e2a3c] Bash
[8ddf0f7d] Write
[7c9e2a3c] Bash
[8ddf0f7d] screenshot
[7c9e2a3c] Edit
[7c9e2a3c] Edit
[7c9e2a3c] Bash
[8ddf0f7d] Write
[8ddf0f7d] Bash
[8ddf0f7d] Bash
checkpoint 50 min (timer): 05-dungeon 12/15
[8ddf0f7d] Bash
[7c9e2a3c] Read
[7c9e2a3c] Edit
[7c9e2a3c] Bash
[8ddf0f7d] Bash
[7c9e2a3c] screenshot
[7c9e2a3c] Bash
[7c9e2a3c] Read
[8ddf0f7d] screenshot
[7c9e2a3c] Bash
[7c9e2a3c] Bash
[8ddf0f7d] Edit
[7c9e2a3c] task_report
[8ddf0f7d] screenshot
project: Task readme done (open issues: Sibling tasks were editing src/renderer/ while I wrote the README. My renderer section matches the tree as of the end of my turn (renderer.js 346 lines importing palette/entities/level/effects/audio, verified by grep and a clean screenshot); if that layer is rewritten again, the renderer paragraph would need a refresh. The commands, controls and the game.state shape are unaffected by that.; The README deliberately does not enumerate every visual constant (particle counts, fade durations, exact colours); it states the behaviour and points at palette.js/effects.js for the numbers.).
[8ddf0f7d] screenshot
[8ddf0f7d] Edit
[8ddf0f7d] screenshot
[8ddf0f7d] Edit
[8ddf0f7d] screenshot
[8ddf0f7d] Edit
[8ddf0f7d] screenshot
[8ddf0f7d] Edit
[8ddf0f7d] Read
[8ddf0f7d] Edit
checkpoint 55 min (timer): 05-dungeon 12/15
[8ddf0f7d] Edit
[8ddf0f7d] Edit
[8ddf0f7d] Edit
[8ddf0f7d] screenshot
[8ddf0f7d] screenshot
[8ddf0f7d] screenshot
[8ddf0f7d] screenshot
[8ddf0f7d] Bash
[8ddf0f7d] Bash
[8ddf0f7d] screenshot
[8ddf0f7d] Edit
[8ddf0f7d] Edit
[8ddf0f7d] Bash
[8ddf0f7d] Bash
[8ddf0f7d] Read
checkpoint 60 min (timer): 05-dungeon 12/15
[8ddf0f7d] screenshot
[8ddf0f7d] screenshot
[8ddf0f7d] screenshot
[8ddf0f7d] Edit
[8ddf0f7d] screenshot
[8ddf0f7d] Edit
[8ddf0f7d] Edit
[8ddf0f7d] Bash
[8ddf0f7d] screenshot
[8ddf0f7d] screenshot
[8ddf0f7d] screenshot
[8ddf0f7d] screenshot
[8ddf0f7d] Bash
[8ddf0f7d] Read
[8ddf0f7d] Bash
checkpoint 65 min (timer): 05-dungeon 12/15
[8ddf0f7d] Bash
[8ddf0f7d] Read
[8ddf0f7d] Edit
[8ddf0f7d] screenshot
[8ddf0f7d] Read
[8ddf0f7d] Edit
[8ddf0f7d] Edit
[8ddf0f7d] Bash
[8ddf0f7d] screenshot
[8ddf0f7d] task_note
[8ddf0f7d] task_note
[8ddf0f7d] task_note
[8ddf0f7d] task_report
checkpoint 70 min (timer): 05-dungeon 12/15
project: Task renderer-polish done (open issues: The screenshot tool in this environment only runs ~6 rAF frames per capture (about 100 ms) no matter what waitMs is, so every capture catches effects mid-flight and never a settled frame; motion, camera smoothing, the level fade and R-restart were therefore verified with a temporary log probe inside renderer.js (removed before this report), not from the images alone.; WebAudio could not be exercised in headless Chrome (no user gesture, so no context is created by design); the blip code paths are only reachable in a real browser with a real key press.; Tile-lit vs explored-dim contrast is intentionally subtle at the far edge of a room because both sets are lit by the same lights; the instance colours differ by roughly 2.4x plus a small per-tile shade variation.).
project: Milestone m3-polish (Renderer feel, audio, documentation) complete; continuing.
project: Project complete: every task is done.
checkpoint 70.7 min (end of phase 1): 05-dungeon 12/15
[d819b9a7] Bash
[d819b9a7] Glob
[d819b9a7] Read
[d819b9a7] Read
[d819b9a7] Read
[d819b9a7] Read
[d819b9a7] Read
[d819b9a7] Grep
[d819b9a7] Grep
[d819b9a7] Grep
[d819b9a7] Read
[d819b9a7] Grep
[d819b9a7] plan_update
replan: 14 tasks, 4 milestones
project: Task rewind-core started (Rewind in the core: history, undo(), state.undo and the z key (src/game.js)) · session 457b0084-6abd-425e-a50e-c34557d22916
[457b0084] Read
[457b0084] Bash
[457b0084] Read
[457b0084] Grep
[457b0084] Grep
[457b0084] Grep
[457b0084] Read
[457b0084] Edit
[457b0084] Edit
[457b0084] Edit
[457b0084] Edit
[457b0084] Edit
[457b0084] Read
[457b0084] Edit
[457b0084] Edit
[457b0084] Bash
[457b0084] Read
[457b0084] Bash
[457b0084] Bash
[457b0084] Bash
checkpoint 75.8 min (timer): 05-dungeon 11/15, 05-dungeon-phase2 4/6
[457b0084] Read
[457b0084] Edit
[457b0084] Edit
[457b0084] Edit
[457b0084] Edit
[457b0084] Edit
[457b0084] Bash
[457b0084] Edit
[457b0084] Bash
[457b0084] Bash
[457b0084] Edit
[457b0084] Bash
[457b0084] Read
[457b0084] Edit
[457b0084] Bash
[457b0084] Bash
[457b0084] Bash
[457b0084] Read
[457b0084] Bash
[457b0084] Bash
[457b0084] Bash
checkpoint 80.8 min (timer): 05-dungeon 12/15, 05-dungeon-phase2 5/6
[457b0084] task_note
[457b0084] task_note
[457b0084] task_note
[457b0084] task_report
project: Task rewind-core done (open issues: The README section on the rewind, the z key in src/main.js, the `Undo N` HUD token in src/ui.js and the renderer's rewind cue are outside this task's file scope (src/game.js, test/game.test.js) and are not done here.).
project: Task rewind-page started (Page: the z key, Undo N in the HUD, and rewind across death and victory) · session b46d078d-3e77-4f1e-bcbe-6ba1e768b82f
project: Task rewind-renderer started (Renderer: the rewind cue and an immediately correct rewound view) · session ff221b8b-1105-48b2-9abd-c1442cfe17ad
[b46d078d] Read
[b46d078d] Read
[ff221b8b] Bash
[b46d078d] Read
[ff221b8b] Read
[ff221b8b] Read
[ff221b8b] Read
[b46d078d] Grep
[ff221b8b] Read
[ff221b8b] Read
[ff221b8b] Bash
[ff221b8b] Read
[b46d078d] Bash
[b46d078d] Bash
[b46d078d] Edit
[b46d078d] Edit
[b46d078d] Edit
[b46d078d] Edit
[b46d078d] Edit
[b46d078d] Edit
[b46d078d] Edit
[b46d078d] Edit
[b46d078d] Bash
[ff221b8b] Bash
[ff221b8b] Bash
[b46d078d] Grep
[ff221b8b] Bash
[b46d078d] Bash
[b46d078d] Bash
[ff221b8b] Edit
[b46d078d] Read
[ff221b8b] Edit
[ff221b8b] Edit
[b46d078d] Bash
[b46d078d] screenshot
[ff221b8b] Edit
[ff221b8b] Edit
[b46d078d] screenshot
[ff221b8b] Edit
[ff221b8b] Edit
[b46d078d] Bash
[ff221b8b] Bash
[b46d078d] Bash
[b46d078d] screenshot
[ff221b8b] Bash
[b46d078d] Grep
[ff221b8b] Bash
[b46d078d] Read
[ff221b8b] screenshot
[b46d078d] Edit
[ff221b8b] screenshot
[b46d078d] Bash
[ff221b8b] screenshot
[b46d078d] Grep
[ff221b8b] screenshot
[ff221b8b] screenshot
[b46d078d] Bash
[b46d078d] task_note
[b46d078d] task_report
[ff221b8b] Bash
project: Task rewind-page done (open issues: README.md is outside my file scope and still does not document the rewind (no occurrence of "rewind", "z " or "Undo"); that belongs to whichever task owns the README.; The overlay behaviour is covered by inspection and the screenshot above, not by a unit test: main.js runs top-level DOM code and cannot be imported, so test/page.test.js only statically checks the source (which the task acknowledged as the ceiling).).
project: Task rewind-tests-docs started (Rewind integration tests and README documentation) · session 8714ef75-1f3d-4936-902c-4ace79936625
[8714ef75] Read
[8714ef75] Read
[8714ef75] Bash
[8714ef75] Grep
[8714ef75] Read
[ff221b8b] Bash
[ff221b8b] screenshot
[ff221b8b] screenshot
[ff221b8b] screenshot
checkpoint 85.8 min (timer): 05-dungeon 12/15, 05-dungeon-phase2 6/6
[ff221b8b] screenshot
[8714ef75] Bash
[ff221b8b] screenshot
[8714ef75] Bash
[ff221b8b] screenshot
[ff221b8b] screenshot
[8714ef75] Edit
[8714ef75] Edit
[8714ef75] Edit
[ff221b8b] Bash
[8714ef75] Edit
[8714ef75] Edit
[8714ef75] Bash
[ff221b8b] screenshot
[8714ef75] Edit
[ff221b8b] screenshot
[8714ef75] Edit
[ff221b8b] screenshot
[8714ef75] Edit
[8714ef75] Edit
[8714ef75] Bash
[8714ef75] Bash
[8714ef75] Grep
[8714ef75] Grep
[8714ef75] Read
[ff221b8b] Edit
[8714ef75] Edit
[8714ef75] Edit
[8714ef75] Edit
[ff221b8b] Edit
[8714ef75] Edit
[8714ef75] Edit
[8714ef75] Edit
[8714ef75] Edit
[ff221b8b] screenshot
[8714ef75] Edit
[ff221b8b] screenshot
[8714ef75] Edit
[8714ef75] Bash
[8714ef75] Edit
[8714ef75] Bash
checkpoint 90.8 min (timer): 05-dungeon 12/15, 05-dungeon-phase2 6/6
[8714ef75] Edit
[8714ef75] Bash
[8714ef75] Read
[8714ef75] Read
[ff221b8b] screenshot
[8714ef75] Bash
[ff221b8b] screenshot
[8714ef75] task_note
[8714ef75] task_report
project: Task rewind-tests-docs done (open issues: The new tests inherit the file's existing reliance on fixed policy-dive seeds (10, 8, 15) and a step-count assumption (`plain.length > 100`); if the policy or the level generator ever changed, those numbers would need revisiting — the same trade-off the pre-existing dive and reload tests already make.).
[ff221b8b] screenshot
[ff221b8b] screenshot
[ff221b8b] Edit
[ff221b8b] Edit
[ff221b8b] Bash
[ff221b8b] screenshot
[ff221b8b] screenshot
[ff221b8b] screenshot
[ff221b8b] screenshot
[ff221b8b] Bash
[ff221b8b] screenshot
checkpoint 95.8 min (timer): 05-dungeon 12/15, 05-dungeon-phase2 6/6
[ff221b8b] screenshot
[ff221b8b] Bash
[ff221b8b] task_note
[ff221b8b] task_note
[ff221b8b] task_report
project: Task rewind-renderer done (open issues: A `script` URL runs before the first frame and src/main.js diffs it in one bulk comparison, so a scripted `z` produces no `{type:'rewind'}` event and no capture can show the cue without a trigger; the event is produced for interactive `z` presses (src/main.js:111 and the death/victory path at :152), which is the path the cue is built for. The cue captures I report therefore came from a temporary trigger that has since been removed.; The particle ring is small and spawns at the burst's usual height, i.e. partly inside the player's body at the player's own tile; on a capture it shows as a few cyan specks, with the pulse carrying the cue. Left as prescribed rather than enlarging the particles or changing the burst API.; The 150 ms move tween is kept for a rewind (per the design, it reads as time running backwards), so a capture taken a few frames after an interactive rewind may catch a creature mid-glide; its target tile is always the restored one and nothing is left at a stale tile.; The screenshot tool caches by URL: re-requesting ?seed=7&script=jjjjz&cue=rewind after removing the temporary trigger returned the pre-removal image, so the removal proof uses a fresh URL (?seed=7&script=jjjjz&cue=rewind2&bust=1).).
project: Milestone m4-rewind (Rewind: undo the last ten turns (core, page, renderer cue, docs)) is complete and waits for your approval. Try the result, then /project run continues or /project replan <note> revises the plan.
milestone complete: m4-rewind
checkpoint 99.1 min (milestone m4-rewind): 05-dungeon 12/15, 05-dungeon-phase2 6/6
project: Project complete: every task is done.
checkpoint 99.4 min (end of phase 2): 05-dungeon 12/15, 05-dungeon-phase2 6/6
