[c5bac2cc] Glob
[c5bac2cc] Bash
[c5bac2cc] Read
[c5bac2cc] Read
[c5bac2cc] plan_write
plan: 8 tasks, 2 milestones
project: Task storage started (Storage layer and npm test script) · session f1476a68-973d-4e93-8e47-6c02fb95db98
project: Task dates started (Date helpers for YYYY-MM-DD) · session 9b33a4d5-b06a-4126-b8ef-d54885b50083
[9b33a4d5] Bash
[9b33a4d5] Glob
[f1476a68] Bash
[f1476a68] Read
[f1476a68] Write
[f1476a68] Edit
[f1476a68] Edit
[f1476a68] Write
[f1476a68] Bash
[9b33a4d5] Write
[9b33a4d5] Write
[f1476a68] Bash
[9b33a4d5] Edit
[9b33a4d5] Bash
[9b33a4d5] Bash
[f1476a68] task_report
[9b33a4d5] Bash
project: Task storage done.
project: Task books started (Books module: addBook and listBooks) · session 664b823f-c9ca-4f99-a68b-95e53f435619
[9b33a4d5] Bash
[664b823f] Read
[664b823f] Read
[664b823f] Read
[9b33a4d5] task_report
[664b823f] Write
project: Task dates done.
project: Task members started (Members module: addMember) · session 531e3767-063f-475c-91cf-b589ca6dd483
[531e3767] Read
[531e3767] Glob
[531e3767] Read
[531e3767] Read
[664b823f] Write
[531e3767] Write
[664b823f] Edit
[664b823f] Edit
[531e3767] Read
[664b823f] Bash
[664b823f] Bash
[531e3767] Write
[531e3767] Bash
[664b823f] task_report
project: Task books done.
[531e3767] task_report
project: Task members done.
project: Task cli-core started (CLI entry point for add-book, add-member, list-books) · session 9ad3d438-e061-4f86-8e3b-86ff01727d1e
[9ad3d438] Read
[9ad3d438] Read
[9ad3d438] Read
[9ad3d438] Read
[9ad3d438] Read
[9ad3d438] Write
[9ad3d438] Write
[9ad3d438] Bash
[9ad3d438] Bash
[9ad3d438] Bash
[9ad3d438] Bash
[9ad3d438] task_report
project: Task cli-core done (open issues: `checkout`, `return`, `list-loans` and `report` intentionally remain unknown commands (exit 1) until the milestone 2 task adds handlers to the COMMANDS table in bin/library.js.).
project: Milestone m1 (Core catalog and CLI subset) is complete and waits for your approval. Try the result, then /project run continues or /project replan <note> revises the plan.
milestone approved: m1
project: Task loans started (Loans module: checkout, returnLoan, listLoans, report) · session d7a6aa3a-d9f0-4a04-ba24-45b7785aebbb
[d7a6aa3a] Read
[d7a6aa3a] Read
[d7a6aa3a] Read
[d7a6aa3a] Read
[d7a6aa3a] Read
[d7a6aa3a] Read
[d7a6aa3a] Write
[d7a6aa3a] Write
[d7a6aa3a] Bash
[d7a6aa3a] Edit
[d7a6aa3a] Edit
[d7a6aa3a] Bash
[d7a6aa3a] Bash
[d7a6aa3a] task_note
[d7a6aa3a] task_report
project: Task loans done.
project: Task cli-loans started (CLI commands for checkout, return, list-loans, report) · session 6422cd8a-a79f-4a69-9344-f07e88e588fb
[6422cd8a] Read
[6422cd8a] Read
[6422cd8a] Read
[6422cd8a] Bash
[6422cd8a] Bash
[6422cd8a] Read
[6422cd8a] Edit
[6422cd8a] Edit
[6422cd8a] Edit
[6422cd8a] Read
[6422cd8a] Write
[6422cd8a] Edit
[6422cd8a] Bash
[6422cd8a] Bash
[6422cd8a] Bash
[6422cd8a] Bash
[6422cd8a] task_note
[6422cd8a] task_note
[6422cd8a] task_report
project: Task cli-loans blocked: Acceptance `npm test` exits 1 because test/cli-core.test.js still encodes milestone-1 expectations for the four commands this task implements, and that file is outside my file scope (Write/Edit are refused outside bin/library.js and test/cli-loans.test.js). No in-scope change can satisfy both the task spec (the four commands must work) and the stale assertions (the four commands must be unknown). Two tests fail: "usage errors print an error object on stderr and exit 1" because its case list includes bare `list-loans` and `report`, which now succeed with exit 0 (/Users/squirrel/Desktop/harness/bench/results/flash-v4/03-library/magic-project-1/workspace/test/cli-core.test.js:237-239); and "unknown commands are reported by name" (test/cli-core.test.js:259) which loops over checkout/return/list-loans/report expecting exit 1 and `{"error":"unknown command <name>"}`. The first of those also writes data/library.json into the repository root (gitignored, but the review criterion forbids it) because bare `list-loans`/`report` fall back to the default data path. Needed revision: authorize an edit to test/cli-core.test.js that (1) drops the bare `list-loans` and `report` usage cases (the bare `checkout`/`return` cases can stay: they still exit 1 via the new missing-option check) and (2) repoints the unknown-command test at a name that is still unknown, e.g. `add-books`; or the alternative of updating `npm test` to run only the milestone-2 suites, which I consider wrong. bin/library.js and test/cli-loans.test.js are already complete and passing, so no rework of this task should be necessary beyond updating the stale M1 test file..
project: Replanning (1/2): These tasks failed or are blocked: cli-loans (Blocked: Acceptance `npm test` exits 1 because test/cli-core.test.js still encodes milestone-1 expectations for the four commands this task implements, and that file is outside my file scope (Write/Edit are refused outside bin/library.js and test/cli-loans.test.js). No in-scope change can satisfy both the task spec (the four commands must work) and the stale assertions (the four commands must be unknown). Two tests fail: "usage errors print an error object on stderr and exit 1" because its case list includes bare `list-loans` and `report`, which now succeed with exit 0 (/Users/squirrel/Desktop/harness/bench/results/flash-v4/03-library/magic-project-1/workspace/test/cli-core.test.js:237-239); and "unknown commands are reported by name" (test/cli-core.test.js:259) which loops over checkout/return/list-loans/report expecting exit 1 and `{"error":"unknown command <name>"}`. The first of those also writes data/library.json into the repository root (gitignored, but the review criterion forbids it) because bare `list-loans`/`report` fall back to the default data path. Needed revision: authorize an edit to test/cli-core.test.js that (1) drops the bare `list-loans` and `report` usage cases (the bare `checkout`/`return` cases can stay: they still exit 1 via the new missing-option check) and (2) repoints the unknown-command test at a name that is still unknown, e.g. `add-books`; or the alternative of updating `npm test` to run only the milestone-2 suites, which I consider wrong. bin/library.js and test/cli-loans.test.js are already complete and passing, so no rework of this task should be necessary beyond updating the stale M1 test file.). Revise the plan so the project can continue.
[88f1b175] Read
[88f1b175] Glob
[88f1b175] Read
[88f1b175] Glob
[88f1b175] Read
[88f1b175] Glob
[88f1b175] Bash
[88f1b175] Read
[88f1b175] Read
[88f1b175] Grep
[88f1b175] plan_update
project: Task cli-loans started (CLI commands for checkout, return, list-loans, report (and the M1 test expectations they supersede)) · session 43a866d5-05da-4dd1-aa9f-57aed1347f0b
[43a866d5] Bash
[43a866d5] Read
[43a866d5] Read
[43a866d5] Read
[43a866d5] Bash
[43a866d5] Edit
[43a866d5] Edit
[43a866d5] Bash
[43a866d5] Bash
[43a866d5] Bash
[43a866d5] Bash
[43a866d5] Bash
[43a866d5] Bash
[43a866d5] Bash
[43a866d5] Bash
[43a866d5] Read
[43a866d5] Read
[43a866d5] task_report
project: Task cli-loans done.
project: Task docs started (README documenting modules, commands and rules) · session 84eb54c7-58d3-472e-b548-fcb3d4868700
[84eb54c7] Read
[84eb54c7] Read
[84eb54c7] Read
[84eb54c7] Read
[84eb54c7] Read
[84eb54c7] Read
[84eb54c7] Read
[84eb54c7] Bash
[84eb54c7] Bash
[84eb54c7] Bash
[84eb54c7] Bash
[84eb54c7] Bash
[84eb54c7] Bash
[84eb54c7] Bash
[84eb54c7] Write
[84eb54c7] Bash
[84eb54c7] Bash
[84eb54c7] task_report
project: Task docs done.
project: Milestone m2 (Loans, full CLI and documentation) is complete and waits for your approval. Try the result, then /project run continues or /project replan <note> revises the plan.
milestone approved: m2
project: Project complete: every task is done.
