[90d28736] Glob
[90d28736] Read
[90d28736] Read
[90d28736] Read
[90d28736] Read
[90d28736] Read
[90d28736] Grep
[90d28736] plan_write
plan: 3 tasks, 2 milestones
project: Task implement-store-methods started (Implement toggle, remove and count in src/todo.js) · session 188861ba-b220-4bef-a9cd-6e5d1fdf2054
[188861ba] Read
[188861ba] Read
[188861ba] Edit
[188861ba] Bash
[188861ba] Bash
[188861ba] Read
[188861ba] task_report
project: Task implement-store-methods done.
project: Task test-store-methods started (Add node:test coverage for toggle, remove and count) · session 5f059f8d-0083-4426-9716-06238eb4062e
[5f059f8d] Read
[5f059f8d] Read
[5f059f8d] Write
[5f059f8d] Bash
[5f059f8d] Bash
[5f059f8d] Bash
[5f059f8d] Bash
[5f059f8d] task_report
project: Task test-store-methods done.
project: Milestone m1 (Store methods: toggle, remove, count with tests) is complete and waits for your approval. Try the result, then /project run continues or /project replan <note> revises the plan.
milestone approved: m1
project: Task write-readme started (Write README.md documenting createStore, add, list, toggle, remove and count) · session 211045c1-062c-41a7-930a-73e03f2973e9
[211045c1] Read
[211045c1] Read
[211045c1] Read
[211045c1] Write
[211045c1] Bash
[211045c1] Bash
[211045c1] task_report
project: Task write-readme done.
project: Milestone m2 (README documenting the public API) complete; continuing.
project: Project complete: every task is done.
