✔ add-book prints the book with copies and availability (50.652792ms)
✔ a second book gets the next id and one copy by default (47.4245ms)
✔ add-member prints the member (96.864666ms)
✔ checkout computes the due date and decrements availability (99.606292ms)
✔ checkout fails with exit 2 when no copy is available (100.530875ms)
✔ list-books --available hides fully lent books (49.982292ms)
✔ a member may not hold more than 3 active loans (200.117959ms)
✔ list-loans filters by member and overdue (151.747083ms)
✔ returning late charges 0.50 per day, capped at 20 (99.086708ms)
✔ returning on time charges nothing and returning twice fails (100.28075ms)
✔ availability is restored after returns (48.920209ms)
✔ report sums everything (50.254541ms)
✔ unknown commands exit 1 and errors go to stderr as JSON (98.994417ms)
✔ the data file is JSON and the README documents the commands (0.861333ms)
✔ the repository's own tests pass (1332.21875ms)
ℹ tests 15
ℹ suites 0
ℹ pass 15
ℹ fail 0
ℹ cancelled 0
ℹ skipped 0
ℹ todo 0
ℹ duration_ms 2589.701208
