✔ add-book prints the book with copies and availability (50.320833ms)
✔ a second book gets the next id and one copy by default (47.911166ms)
✔ add-member prints the member (95.17025ms)
✔ checkout computes the due date and decrements availability (95.085792ms)
✔ checkout fails with exit 2 when no copy is available (97.749417ms)
✔ list-books --available hides fully lent books (48.374625ms)
✔ a member may not hold more than 3 active loans (191.051458ms)
✔ list-loans filters by member and overdue (144.390417ms)
✔ returning late charges 0.50 per day, capped at 20 (95.965417ms)
✔ returning on time charges nothing and returning twice fails (93.843584ms)
✔ availability is restored after returns (48.971791ms)
✔ report sums everything (48.186208ms)
✔ unknown commands exit 1 and errors go to stderr as JSON (95.570416ms)
✔ the data file is JSON and the README documents the commands (2.093333ms)
✔ the repository's own tests pass (1542.8515ms)
ℹ tests 15
ℹ suites 0
ℹ pass 15
ℹ fail 0
ℹ cancelled 0
ℹ skipped 0
ℹ todo 0
ℹ duration_ms 2759.751208
