[813fe8af] Glob
[813fe8af] Read
[813fe8af] Read
[813fe8af] Read
[813fe8af] Read
[813fe8af] Glob
[813fe8af] Read
[813fe8af] Read
[813fe8af] plan_write
plan: 7 tasks, 5 milestones
project: Task money-store-scaffold started (Scaffold package scripts, money primitives and JSON store) · session c680eda9-1235-4d24-ba1e-f3f2fca85c52
[c680eda9] Bash
[c680eda9] Read
[c680eda9] Read
[c680eda9] Bash
[c680eda9] Write
[c680eda9] Write
[c680eda9] Write
[c680eda9] Write
[c680eda9] Bash
[c680eda9] Write
[c680eda9] Edit
[c680eda9] Write
[c680eda9] Bash
[c680eda9] Bash
[c680eda9] Bash
[c680eda9] Bash
[c680eda9] Bash
[c680eda9] Edit
[c680eda9] Edit
[c680eda9] Bash
[c680eda9] Bash
[c680eda9] Bash
[c680eda9] task_note
[c680eda9] task_report
project: Task money-store-scaffold done (open issues: The npm test script deviates from the literal text of design §8 (`node --test test/`) because of the Node version here; if a later task relies on the exact script string, this is the place to look. Bare `node --test` (default discovery) also works if preferred.; getStore().path being absolute is an unspecified detail that the later CLI task should not depend on.).
project: Task customers-products started (Customer and product modules) · session b0d1b2db-eacf-435e-92cd-6ffd559ba5b4
[b0d1b2db] Read
[b0d1b2db] Read
[b0d1b2db] Read
[b0d1b2db] Read
[b0d1b2db] Bash
[b0d1b2db] Write
[b0d1b2db] Write
[b0d1b2db] Write
[b0d1b2db] Write
[b0d1b2db] Bash
[b0d1b2db] Edit
[b0d1b2db] Edit
[b0d1b2db] Bash
[b0d1b2db] Bash
[b0d1b2db] task_report
project: Task customers-products done.
project: Milestone m1-foundations (Foundations: money, storage, customers, products) is complete and waits for your approval. Try the result, then /project run continues or /project replan <note> revises the plan.
milestone approved: m1-foundations
project: Task invoices-lifecycle started (Invoice lifecycle module) · session 20ad4517-6b29-44d0-a4b0-d09e088178e5
[20ad4517] Read
[20ad4517] Read
[20ad4517] Read
[20ad4517] Read
[20ad4517] Read
[20ad4517] Read
[20ad4517] Write
[20ad4517] Edit
[20ad4517] Read
[20ad4517] Edit
[20ad4517] Edit
[20ad4517] Bash
[20ad4517] Bash
[20ad4517] Write
[20ad4517] Grep
[20ad4517] Edit
[20ad4517] Write
[20ad4517] Edit
[20ad4517] Edit
[20ad4517] Edit
[20ad4517] Edit
[20ad4517] Bash
[20ad4517] Edit
[20ad4517] Bash
[20ad4517] Bash
[20ad4517] Edit
[20ad4517] Bash
[20ad4517] task_note
[20ad4517] task_note
[20ad4517] task_report
project: Task invoices-lifecycle done (open issues: The report and CLI tasks must agree with the scaled line formula (cents, not the literal /100 expression); the decision log note explains why.; listInvoices validates a supplied `today` even when overdue is false, which means the CLI `list --today <bad>` fails with exit 2; that matches the design's rule that an invalid option value is an input error.).
project: Milestone m2-invoices (Invoice lifecycle) complete; continuing.
project: Task reports started (Aging and revenue reports) · session 24dce8e6-32dc-46a8-af38-146bf9ed6516
[24dce8e6] Read
[24dce8e6] Read
[24dce8e6] Read
[24dce8e6] Read
[24dce8e6] Read
[24dce8e6] Write
[24dce8e6] Edit
[24dce8e6] Write
[24dce8e6] Edit
[24dce8e6] Edit
[24dce8e6] Edit
[24dce8e6] Edit
[24dce8e6] Bash
[24dce8e6] Edit
[24dce8e6] Bash
[24dce8e6] Bash
[24dce8e6] Read
[24dce8e6] task_note
[24dce8e6] task_report
project: Task reports done.
project: Milestone m3-reports (Reports) complete; continuing.
project: Task cli started (CLI with JSON output, exit codes and CSV export) · session 7996da0d-b642-4d3f-aced-52af0fb46cd0
[7996da0d] Bash
[7996da0d] Read
[7996da0d] Read
[7996da0d] Read
[7996da0d] Read
[7996da0d] Read
[7996da0d] Read
[7996da0d] Bash
[7996da0d] Read
[7996da0d] Write
[7996da0d] Bash
[7996da0d] Bash
[7996da0d] Write
[7996da0d] Bash
[7996da0d] Edit
[7996da0d] Bash
[7996da0d] Bash
[7996da0d] Bash
[7996da0d] task_report
project: Task cli done.
project: Task cli-workflow-tests started (End-to-end CLI workflow tests) · session 4cda3ecd-058a-4e0d-af93-6a83d7036e6e
[4cda3ecd] Read
[4cda3ecd] Read
[4cda3ecd] Read
[4cda3ecd] Bash
[4cda3ecd] Read
[4cda3ecd] Read
[4cda3ecd] Write
[4cda3ecd] Read
[4cda3ecd] Edit
[4cda3ecd] Bash
[4cda3ecd] Edit
[4cda3ecd] Edit
[4cda3ecd] Bash
[4cda3ecd] Bash
[4cda3ecd] task_report
project: Task cli-workflow-tests done.
project: Milestone m4-cli (CLI) is complete and waits for your approval. Try the result, then /project run continues or /project replan <note> revises the plan.
milestone approved: m4-cli
project: Task readme started (README documenting modules, commands and rules) · session eec7fec5-c45d-4ae9-8c36-0b37390543b5
[eec7fec5] Bash
[eec7fec5] Read
[eec7fec5] Read
[eec7fec5] Read
[eec7fec5] Read
[eec7fec5] Read
[eec7fec5] Read
[eec7fec5] Read
[eec7fec5] Bash
[eec7fec5] Bash
[eec7fec5] Bash
[eec7fec5] Bash
[eec7fec5] Bash
[eec7fec5] Bash
[eec7fec5] Bash
[eec7fec5] Bash
[eec7fec5] Bash
[eec7fec5] Bash
[eec7fec5] Write
[eec7fec5] Bash
[eec7fec5] Edit
[eec7fec5] Edit
[eec7fec5] Bash
[eec7fec5] Bash
[eec7fec5] Edit
[eec7fec5] Bash
[eec7fec5] task_report
project: Task readme done.
project: Milestone m5-docs (Documentation) complete; continuing.
project: Project complete: every task is done.
