✔ add-book prints the book with copies and availability (57.143958ms)
✔ a second book gets the next id and one copy by default (53.590875ms)
✔ add-member prints the member (102.5985ms)
✔ checkout computes the due date and decrements availability (100.505333ms)
✔ checkout fails with exit 2 when no copy is available (104.509916ms)
✔ list-books --available hides fully lent books (48.915583ms)
✔ a member may not hold more than 3 active loans (193.036084ms)
✔ list-loans filters by member and overdue (147.381042ms)
✔ returning late charges 0.50 per day, capped at 20 (99.551875ms)
✔ returning on time charges nothing and returning twice fails (103.908458ms)
✔ availability is restored after returns (48.370583ms)
✔ report sums everything (49.115291ms)
✔ unknown commands exit 1 and errors go to stderr as JSON (97.459084ms)
✔ the data file is JSON and the README documents the commands (1.020042ms)
✔ the repository's own tests pass (1659.486125ms)
ℹ tests 15
ℹ suites 0
ℹ pass 15
ℹ fail 0
ℹ cancelled 0
ℹ skipped 0
ℹ todo 0
ℹ duration_ms 2933.793958
