[a4ce696b] Glob
[a4ce696b] Read
[a4ce696b] Read
[a4ce696b] Read
[a4ce696b] Read
[a4ce696b] plan_write
plan: 3 tasks, 2 milestones
project: Task store-module started (Persistence layer src/store.js with unit tests) · session 08452e27-0bb4-4f08-b322-ec82c5cd484d
[08452e27] Bash
[08452e27] Glob
[08452e27] Write
[08452e27] Write
[08452e27] Edit
[08452e27] Bash
[08452e27] Edit
[08452e27] Edit
[08452e27] Bash
[08452e27] Bash
[08452e27] task_report
project: Task store-module done (open issues: package.json still has no "test" script and there are no .gitignore entries for .kv.json/temp artifacts; both are the packaging task's scope, not this one's.; Two of my initial test expectations were wrong and were corrected during the work: '-' and '..' are valid per KEY_PATTERN (so they were moved out of the reject list), and a NaN expiresAt fixture was replaced because JSON.stringify converts NaN to null.).
project: Task cli-and-e2e-tests started (CLI entry point bin/kv.js, src/cli.js and end-to-end tests) · session c27da5a0-fb57-4e32-980f-a0d52b6c4140
[c27da5a0] Read
[c27da5a0] Bash
[c27da5a0] Read
[c27da5a0] Write
[c27da5a0] Write
[c27da5a0] Bash
[c27da5a0] Write
[c27da5a0] Edit
[c27da5a0] Bash
[c27da5a0] Bash
[c27da5a0] Bash
[c27da5a0] Bash
[c27da5a0] Bash
[c27da5a0] Bash
[c27da5a0] task_note
[c27da5a0] task_report
project: Task cli-and-e2e-tests done (open issues: package.json still has no "test" script and README.md does not exist yet; both are outside this task's file scope and belong to the packaging task (which also needs the Node 26 `node --test <dir>` caveat noted above).; `.gitignore` does not yet list `.kv.json`, so a manual CLI run in the repo root would show up as untracked; the design assigns that to packaging. I ran all manual checks with `--file` in /tmp or with a temp cwd, so the repository is untouched.).
project: Milestone m1 (Working store, CLI and end-to-end tests) is complete and waits for your approval. Try the result, then /project run continues or /project replan <note> revises the plan.
milestone approved: m1
project: Task npm-test-and-docs started (npm test script, ignore rules and README) · session 3e926c37-c23f-48ae-a13d-72235c2c261c
[3e926c37] Read
[3e926c37] Read
[3e926c37] Bash
[3e926c37] Bash
[3e926c37] Bash
[3e926c37] Read
[3e926c37] Bash
[3e926c37] Read
[3e926c37] Read
[3e926c37] Bash
[3e926c37] Write
[3e926c37] Write
[3e926c37] Bash
[3e926c37] Write
[3e926c37] Bash
[3e926c37] Bash
[3e926c37] task_note
[3e926c37] task_report
project: Task npm-test-and-docs done.
project: Milestone m2 (npm test wiring, ignore rules and README) complete; continuing.
project: Project complete: every task is done.
