[aa20eae2] Glob
[aa20eae2] Read
[aa20eae2] Read
[aa20eae2] Read
[aa20eae2] Glob
[aa20eae2] Read
[aa20eae2] Glob
[aa20eae2] Glob
[aa20eae2] plan_write
plan: 3 tasks, 2 milestones
project: Task kv-cli started (Implement bin/kv.js (set/get/del/list, --file, --ttl)) · session 99724a03-d197-4ec2-aa26-8375956b1368
[99724a03] Bash
[99724a03] Bash
[99724a03] Write
[99724a03] Bash
[99724a03] Bash
[99724a03] Bash
[99724a03] task_report
project: Task kv-cli done.
project: Milestone m1-core (Core CLI (try it by hand)) is complete and waits for your approval. Try the result, then /project run continues or /project replan <note> revises the plan.
milestone approved: m1-core
project: Task cli-tests started (Add node:test suite and the npm test script) · session 92d2dd3c-9487-4c3c-94ea-0327da6cc9b5
project: Task readme-docs started (Write README.md documenting every command) · session ad5a576c-5d3b-417f-9315-a5ec7336686f
[92d2dd3c] Read
[92d2dd3c] Read
[ad5a576c] Read
[ad5a576c] Bash
[ad5a576c] Bash
[ad5a576c] Bash
[ad5a576c] Write
[ad5a576c] Bash
[ad5a576c] Bash
[92d2dd3c] Write
[ad5a576c] task_report
project: Task readme-docs done.
[92d2dd3c] Write
[92d2dd3c] Write
[92d2dd3c] Write
[92d2dd3c] Write
[92d2dd3c] Write
[92d2dd3c] Write
[92d2dd3c] Edit
[92d2dd3c] Bash
[92d2dd3c] Bash
[92d2dd3c] Bash
[92d2dd3c] Bash
[92d2dd3c] Bash
[92d2dd3c] Edit
[92d2dd3c] Bash
[92d2dd3c] Bash
[92d2dd3c] task_note
[92d2dd3c] task_report
project: Task cli-tests done.
project: Milestone m2-verify (Test suite and documentation) complete; continuing.
project: Project complete: every task is done.
