[d7779daf] Read
[d7779daf] Glob
[d7779daf] Read
[d7779daf] Read
[d7779daf] Read
[d7779daf] Glob
[d7779daf] plan_write
plan: 9 tasks, 3 milestones
project: Task money-and-dates started (money.js and dates.js plus the test script) · session 78da3be6-0ba1-4e40-92b2-5afb19ab7ce6
[78da3be6] Bash
[78da3be6] Bash
[78da3be6] Read
[78da3be6] Write
[78da3be6] Write
[78da3be6] Write
[78da3be6] Write
[78da3be6] Edit
[78da3be6] Bash
[78da3be6] Bash
[78da3be6] Edit
[78da3be6] Edit
[78da3be6] Edit
[78da3be6] Edit
[78da3be6] Bash
[78da3be6] Read
[78da3be6] Bash
[78da3be6] task_report
project: Task money-and-dates done.
project: Task store-customers-products started (JSON store, customers and products modules) · session b74a7035-bade-4a91-a5a6-654b5f2ef04f
[b74a7035] Bash
[b74a7035] Read
[b74a7035] Read
[b74a7035] Bash
[b74a7035] Bash
[b74a7035] Edit
[b74a7035] Write
[b74a7035] Write
[b74a7035] Write
[b74a7035] Write
[b74a7035] Write
[b74a7035] Write
[b74a7035] Bash
[b74a7035] Edit
[b74a7035] Bash
[b74a7035] Bash
[b74a7035] Bash
[b74a7035] task_note
[b74a7035] task_report
project: Task store-customers-products done.
project: Task cli-skeleton started (CLI entry point, presenter, add-customer and add-product) · session 7617da06-59e7-4336-bf7d-13d64a28651c
[7617da06] Bash
[7617da06] Read
[7617da06] Read
[7617da06] Read
[7617da06] Read
[7617da06] Read
[7617da06] Read
[7617da06] Read
[7617da06] Write
[7617da06] Write
[7617da06] Write
[7617da06] Edit
[7617da06] Bash
[7617da06] Bash
[7617da06] Bash
[7617da06] task_note
[7617da06] task_note
[7617da06] task_report
project: Task cli-skeleton done (open issues: Later tasks implementing `list`, `report` and `export` will need to add a report-subcommand positional and the `flag`/boolean handling is already in the parser but currently unused (no registered command declares a flag).).
project: Milestone m1 (Foundation: money, dates, store, customers, products, CLI skeleton) is complete and waits for your approval. Try the result, then /project run continues or /project replan <note> revises the plan.
milestone approved: m1
project: Task invoices-draft-lines started (Invoice drafts: createInvoice, addLine, totals) · session f5178529-1c77-4fe2-a5ea-6c655b017981
[f5178529] Read
[f5178529] Read
[f5178529] Read
[f5178529] Read
[f5178529] Read
[f5178529] Read
[f5178529] Write
[f5178529] Write
[f5178529] Bash
[f5178529] Bash
[f5178529] task_report
project: Task invoices-draft-lines done.
project: Task invoices-issue-pay-void-list started (Issuing, payments, voiding and listing invoices) · session 6250d507-60b2-4ef9-8294-df728c2342c9
[6250d507] Read
[6250d507] Read
[6250d507] Read
[6250d507] Read
[6250d507] Edit
[6250d507] Edit
[6250d507] Edit
[6250d507] Edit
[6250d507] Edit
[6250d507] Read
[6250d507] Edit
[6250d507] Edit
[6250d507] Read
[6250d507] Edit
[6250d507] Edit
[6250d507] Edit
[6250d507] Edit
[6250d507] Edit
[6250d507] Bash
[6250d507] Edit
[6250d507] Edit
[6250d507] Bash
[6250d507] Edit
[6250d507] Bash
[6250d507] Bash
[6250d507] Bash
[6250d507] task_note
[6250d507] task_note
[6250d507] task_note
[6250d507] Bash
[6250d507] task_report
project: Task invoices-issue-pay-void-list done.
project: Milestone m2 (Invoice engine: drafts, lines, issuing, payments, voiding, listing) complete; continuing.
project: Task report-aging-revenue started (Aging and revenue reports) · session 1eb25ecf-5220-44a1-9ab7-0de00dbda7c5
[1eb25ecf] Read
[1eb25ecf] Read
[1eb25ecf] Read
[1eb25ecf] Read
[1eb25ecf] Bash
[1eb25ecf] Read
[1eb25ecf] Write
[1eb25ecf] Write
[1eb25ecf] Bash
[1eb25ecf] Bash
[1eb25ecf] task_note
[1eb25ecf] task_report
project: Task report-aging-revenue done.
project: Task cli-invoice-commands started (CLI: create, add-line, issue, pay, void, show, list, report, export) · session 4b6fc73c-e781-4527-b54b-e7e33bf3b52f
[4b6fc73c] Read
[4b6fc73c] Read
[4b6fc73c] Read
[4b6fc73c] Read
[4b6fc73c] Read
[4b6fc73c] Read
[4b6fc73c] Read
[4b6fc73c] Read
[4b6fc73c] Edit
[4b6fc73c] Edit
[4b6fc73c] Edit
[4b6fc73c] Edit
[4b6fc73c] Edit
[4b6fc73c] Read
[4b6fc73c] Edit
[4b6fc73c] Edit
[4b6fc73c] Edit
[4b6fc73c] Edit
[4b6fc73c] Edit
[4b6fc73c] Bash
[4b6fc73c] Edit
[4b6fc73c] Edit
[4b6fc73c] Bash
[4b6fc73c] Bash
[4b6fc73c] Bash
[4b6fc73c] Bash
[4b6fc73c] Read
[4b6fc73c] Bash
[4b6fc73c] Edit
[4b6fc73c] Bash
[4b6fc73c] Bash
[4b6fc73c] Bash
[4b6fc73c] task_report
project: Task cli-invoice-commands done (open issues: README.md and the end-to-end suite belong to other tasks and were not touched; the CLI's behavior is covered here only by spawned CLI tests.).
project: Task readme started (README documenting modules, commands and rules) · session f2e5ecb4-866a-47e8-aaed-49867401420f
project: Task e2e-tests started (End-to-end CLI workflow test) · session 48df50f9-8a51-428b-9715-c0117e5d6da9
[48df50f9] Bash
[48df50f9] Read
[f2e5ecb4] Read
[f2e5ecb4] Read
[48df50f9] Read
[48df50f9] Read
[48df50f9] Read
[48df50f9] Read
[48df50f9] Read
[f2e5ecb4] Read
[f2e5ecb4] Read
[f2e5ecb4] Read
[48df50f9] Read
[f2e5ecb4] Read
[f2e5ecb4] Read
[f2e5ecb4] Read
[48df50f9] Read
[f2e5ecb4] Read
[f2e5ecb4] Read
[f2e5ecb4] Bash
[f2e5ecb4] Bash
[f2e5ecb4] Bash
[f2e5ecb4] Bash
[48df50f9] Bash
[48df50f9] Bash
[f2e5ecb4] Write
[f2e5ecb4] Bash
[f2e5ecb4] Bash
[f2e5ecb4] Bash
[f2e5ecb4] Bash
[48df50f9] Write
[48df50f9] Bash
[48df50f9] Bash
[f2e5ecb4] task_report
project: Task readme done.
[48df50f9] Bash
[48df50f9] Bash
[48df50f9] task_note
[48df50f9] task_report
project: Task e2e-tests done.
project: Milestone m3 (Reports, full CLI, README, end-to-end tests) is complete and waits for your approval. Try the result, then /project run continues or /project replan <note> revises the plan.
milestone approved: m3
project: Project complete: every task is done.
