[a1932dcf] Glob
[a1932dcf] Read
[a1932dcf] Read
[a1932dcf] Read
[a1932dcf] Read
[a1932dcf] plan_write
plan: 3 tasks, 1 milestones
project: Task implement-store-methods started (Add toggle, remove and count to createStore) · session c4ebbeda-2af4-4be9-95ed-6e8750143309
[c4ebbeda] Read
[c4ebbeda] Read
[c4ebbeda] Read
[c4ebbeda] Edit
[c4ebbeda] Bash
[c4ebbeda] task_report
project: Task implement-store-methods done.
project: Task add-method-tests started (Test toggle, remove and count) · session 3c5fe510-77d2-4e77-abc3-5c606bb5021e
project: Task write-readme started (Document createStore, add, list, toggle, remove and count) · session 4320177f-af38-4197-b4fb-6bc33bb798cb
[3c5fe510] Read
[3c5fe510] Read
[3c5fe510] Read
[4320177f] Read
[4320177f] Bash
[4320177f] Write
[3c5fe510] Write
[3c5fe510] Bash
[4320177f] Bash
[4320177f] Bash
[3c5fe510] Edit
[4320177f] Read
[3c5fe510] Bash
[4320177f] Bash
[3c5fe510] Bash
[3c5fe510] Bash
[4320177f] task_report
project: Task write-readme done.
[3c5fe510] task_report
project: Task add-method-tests done.
project: Milestone m1 (Core methods, tests and docs) is complete and waits for your approval. Try the result, then /project run continues or /project replan <note> revises the plan.
milestone approved: m1
project: Project complete: every task is done.
